main.c:93:5:main	8	static
main.c:147:6:SystemClock_Config	88	static
main.c:192:13:MX_ADC1_Init	24	static
main.c:242:13:MX_ADC2_Init	24	static
main.c:292:13:MX_CAN1_Init	8	static
main.c:329:13:MX_DAC_Init	16	static
main.c:373:13:MX_I2C1_Init	8	static
main.c:407:13:MX_SPI1_Init	8	static
main.c:445:13:MX_SPI2_Init	8	static
main.c:483:13:MX_TIM2_Init	32	static
main.c:528:13:MX_USART1_UART_Init	8	static
main.c:561:13:MX_USART2_UART_Init	8	static
main.c:592:13:MX_DMA_Init	16	static
main.c:613:13:MX_GPIO_Init	48	static
main.c:726:6:Error_Handler	4	static,ignoring_inline_asm
