main.c:90:5:main	8	static
main.c:143:6:SystemClock_Config	88	static
main.c:188:13:MX_ADC1_Init	24	static
main.c:238:13:MX_ADC2_Init	24	static
main.c:288:13:MX_CAN1_Init	8	static
main.c:325:13:MX_DAC_Init	16	static
main.c:369:13:MX_I2C1_Init	8	static
main.c:403:13:MX_SPI1_Init	8	static
main.c:441:13:MX_SPI2_Init	8	static
main.c:479:13:MX_TIM2_Init	32	static
main.c:524:13:MX_USART1_UART_Init	8	static
main.c:557:13:MX_USART2_UART_Init	8	static
main.c:590:13:MX_GPIO_Init	48	static
main.c:693:6:Error_Handler	4	static,ignoring_inline_asm
