peripheral_port.hpp:152:22:HAL_StatusTypeDef Port::SPIComm::Transmit(uint8_t*, uint16_t)	24	static
peripheral_port.hpp:157:22:HAL_StatusTypeDef Port::SPIComm::TransmitReceive(uint8_t*, uint8_t*, uint16_t)	32	static
peripheral_port.hpp:179:16:void Port::GPIO::WritePin(GPIO_PinState)	16	static
peripheral_port.hpp:199:16:void Port::EXIT::DisableExit()	16	static
peripheral_port.hpp:200:16:void Port::EXIT::EnableExit()	16	static
peripheral_port.hpp:211:9:void Port::CS::Select()	16	static
peripheral_port.hpp:218:9:void Port::CS::Release()	16	static
ax58100.cpp:3:1:AX58100::AX58100(Port::SPIComm&, Port::CS&, Port::EXIT&, Port::EXIT&, Port::EXIT&, Port::TIM&, Port::GPIO&)	24	static
ax58100.cpp:21:1:AX58100::~AX58100()	16	static
ax58100.cpp:21:1:virtual AX58100::~AX58100()	16	static
ax58100.cpp:24:6:void AX58100::EscInit(const esc_cfg_t*)	16	static
ax58100.cpp:37:10:uint32_t AX58100::EscEnableDC()	32	static
ax58100.cpp:86:6:void AX58100::EscAddress(uint16_t, uint8_t)	16	static
ax58100.cpp:106:6:void AX58100::EscRead(uint16_t, void*, uint16_t)	24	static
ax58100.cpp:132:6:void AX58100::EscWrite(uint16_t, void*, uint16_t)	24	static
ax58100.cpp:151:6:void AX58100::EscInterruptEnable(uint32_t)	16	static
ax58100.cpp:178:6:void AX58100::EscInterruptDisable(uint32_t)	24	static
ax58100.cpp:200:6:void AX58100::TaskDelay(uint32_t)	16	static
ax58100.cpp:210:6:void AX58100::EscReset()	24	static
