ethercatmain.c:167:15:ec_find_adapters	16	static
ethercatmain.c:180:6:ec_free_adapters	16	static
ethercatmain.c:190:6:ecx_pusherror	24	static
ethercatmain.c:216:9:ecx_poperror	32	static
ethercatmain.c:242:9:ecx_iserror	16	static
ethercatmain.c:255:6:ecx_packeterror	56	static
ethercatmain.c:276:13:ecx_mbxerror	48	static
ethercatmain.c:300:13:ecx_mbxemergencyerror	56	static
ethercatmain.c:324:5:ecx_init	16	static
ethercatmain.c:336:5:ecx_init_redundant	56	static
ethercatmain.c:357:6:ecx_close	16	static
ethercatmain.c:370:7:ecx_siigetbyte	48	static
ethercatmain.c:439:7:ecx_siifind	24	static
ethercatmain.c:479:6:ecx_siistring	48	static
ethercatmain.c:537:8:ecx_siiFMMU	32	static
ethercatmain.c:577:8:ecx_siiSM	32	static
ethercatmain.c:614:8:ecx_siiSMnext	32	static
ethercatmain.c:648:5:ecx_siiPDO	40	static
ethercatmain.c:717:5:ecx_FPRD_multi	328	static
ethercatmain.c:757:5:ecx_readstate	568	static
ethercatmain.c:807:5:ecx_writestate	32	static
ethercatmain.c:833:8:ecx_statecheck	56	static
ethercatmain.c:878:7:ec_nextmbxcnt	16	static
ethercatmain.c:892:6:ec_clearmbx	16	static
ethercatmain.c:903:5:ecx_mbxempty	56	static
ethercatmain.c:939:5:ecx_mbxsend	56	static
ethercatmain.c:972:5:ecx_mbxreceive	88	static
ethercatmain.c:1065:6:ecx_esidump	56	static
ethercatmain.c:1108:8:ecx_readeeprom	32	static
ethercatmain.c:1126:5:ecx_writeeeprom	40	static
ethercatmain.c:1140:5:ecx_eeprom2master	40	static
ethercatmain.c:1173:5:ecx_eeprom2pdi	40	static
ethercatmain.c:1194:8:ecx_eeprom_waitnotbusyAP	56	static
ethercatmain.c:1226:8:ecx_readeepromAP	72	static
ethercatmain.c:1306:5:ecx_writeeepromAP	56	static
ethercatmain.c:1363:8:ecx_eeprom_waitnotbusyFP	56	static
ethercatmain.c:1395:8:ecx_readeepromFP	72	static
ethercatmain.c:1475:5:ecx_writeeepromFP	56	static
ethercatmain.c:1536:6:ecx_readeeprom1	48	static
ethercatmain.c:1569:8:ecx_readeeprom2	56	static
ethercatmain.c:1596:13:ecx_pushindex	24	static
ethercatmain.c:1611:12:ecx_pullindex	24	static
ethercatmain.c:1635:5:ecx_send_processdata_group	80	static
ethercatmain.c:1796:5:ecx_receive_processdata_group	56	static
ethercatmain.c:1864:5:ecx_send_processdata	16	static
ethercatmain.c:1869:5:ecx_receive_processdata	16	static
ethercatmain.c:1875:6:ec_pusherror	16	static
ethercatmain.c:1880:9:ec_poperror	16	static
ethercatmain.c:1885:9:ec_iserror	8	static
ethercatmain.c:1890:6:ec_packeterror	32	static
ethercatmain.c:1895:5:ec_init	16	static
ethercatmain.c:1900:5:ec_init_redundant	16	static
ethercatmain.c:1905:6:ec_close	8	static
ethercatmain.c:1910:7:ec_siigetbyte	16	static
ethercatmain.c:1915:7:ec_siifind	16	static
ethercatmain.c:1920:6:ec_siistring	16	static
ethercatmain.c:1925:8:ec_siiFMMU	16	static
ethercatmain.c:1930:8:ec_siiSM	16	static
ethercatmain.c:1935:8:ec_siiSMnext	16	static
ethercatmain.c:1940:5:ec_siiPDO	16	static
ethercatmain.c:1945:5:ec_readstate	8	static
ethercatmain.c:1950:5:ec_writestate	16	static
ethercatmain.c:1955:8:ec_statecheck	16	static
ethercatmain.c:1960:5:ec_mbxempty	16	static
ethercatmain.c:1965:5:ec_mbxsend	24	static
ethercatmain.c:1970:5:ec_mbxreceive	24	static
ethercatmain.c:1975:6:ec_esidump	16	static
ethercatmain.c:1980:8:ec_readeeprom	16	static
ethercatmain.c:1985:5:ec_writeeeprom	32	static
ethercatmain.c:1990:5:ec_eeprom2master	16	static
ethercatmain.c:1995:5:ec_eeprom2pdi	16	static
ethercatmain.c:2000:8:ec_eeprom_waitnotbusyAP	24	static
ethercatmain.c:2005:8:ec_readeepromAP	16	static
ethercatmain.c:2010:5:ec_writeeepromAP	32	static
ethercatmain.c:2015:8:ec_eeprom_waitnotbusyFP	24	static
ethercatmain.c:2020:8:ec_readeepromFP	16	static
ethercatmain.c:2025:5:ec_writeeepromFP	32	static
ethercatmain.c:2030:6:ec_readeeprom1	16	static
ethercatmain.c:2035:8:ec_readeeprom2	16	static
ethercatmain.c:2040:5:ec_send_processdata_group	16	static
ethercatmain.c:2045:5:ec_receive_processdata_group	16	static
ethercatmain.c:2050:5:ec_send_processdata	8	static
ethercatmain.c:2055:5:ec_receive_processdata	16	static
