nicdrv.c:109:13:ecx_clear_rxbufstat	24	static
nicdrv.c:124:5:ecx_setupnic	40	static
nicdrv.c:196:5:ecx_closenic	16	static
nicdrv.c:214:6:ec_setupheader	24	static
nicdrv.c:231:5:ecx_getindex	24	static
nicdrv.c:272:6:ecx_setbufstat	24	static
nicdrv.c:287:5:ecx_outframe	40	static
nicdrv.c:312:5:ecx_outframe_red	32	static
nicdrv.c:350:12:ecx_recvpkt	32	static
nicdrv.c:386:5:ecx_inframe	64	static
nicdrv.c:480:12:ecx_waitinframe_red	48	static
nicdrv.c:573:5:ecx_waitinframe	40	static
nicdrv.c:601:5:ecx_srconfirm	48	static
nicdrv.c:629:5:ec_setupnic	16	static
nicdrv.c:634:5:ec_closenic	8	static
nicdrv.c:639:5:ec_getindex	8	static
nicdrv.c:644:6:ec_setbufstat	16	static
nicdrv.c:649:5:ec_outframe	16	static
nicdrv.c:654:5:ec_outframe_red	16	static
nicdrv.c:659:5:ec_inframe	16	static
nicdrv.c:664:5:ec_waitinframe	16	static
nicdrv.c:669:5:ec_srconfirm	16	static
