ethercatconfig.c:131:5:ec_findconfig	24	static
ethercatconfig.c:148:6:ecx_init_context	24	static
ethercatconfig.c:163:5:ecx_detect_slaves	32	static
ethercatconfig.c:185:13:ecx_set_slaves_to_default	96	static
ethercatconfig.c:214:12:ecx_config_from_table	24	static
ethercatconfig.c:288:12:ecx_lookup_prev_sii	24	static
ethercatconfig.c:338:5:ecx_config_init	80	static
ethercatconfig.c:628:12:ecx_lookup_mapping	32	static
ethercatconfig.c:659:12:ecx_map_coe_soe	32	static
ethercatconfig.c:709:12:ecx_map_sii	3136	static
ethercatconfig.c:756:12:ecx_map_sm	40	static
ethercatconfig.c:813:18:ecx_mapper_thread	24	static
ethercatconfig.c:821:12:ecx_find_mapt	16	static
ethercatconfig.c:839:12:ecx_get_threadcount	16	static
ethercatconfig.c:857:5:ecx_config_map_group	104	static
ethercatconfig.c:1274:5:ecx_recover_slave	48	static
ethercatconfig.c:1336:5:ecx_reconfig_slave	56	static
ethercatconfig.c:1385:5:ec_config_init	16	static
ethercatconfig.c:1390:5:ec_config_map_group	16	static
ethercatconfig.c:1400:5:ec_config_map	16	static
ethercatconfig.c:1411:5:ec_config	24	static
ethercatconfig.c:1422:5:ec_recover_slave	16	static
ethercatconfig.c:1427:5:ec_reconfig_slave	16	static
