ethercatbase.c:67:13:ecx_writedatagramdata	24	static
ethercatbase.c:104:5:ecx_setupdatagram	32	static
ethercatbase.c:142:5:ecx_adddatagram	40	static
ethercatbase.c:194:5:ecx_BWR	48	static
ethercatbase.c:221:5:ecx_BRD	48	static
ethercatbase.c:253:5:ecx_APRD	48	static
ethercatbase.c:281:5:ecx_ARMW	48	static
ethercatbase.c:309:5:ecx_FRMW	48	static
ethercatbase.c:334:8:ecx_APRDw	40	static
ethercatbase.c:354:5:ecx_FPRD	48	static
ethercatbase.c:379:8:ecx_FPRDw	40	static
ethercatbase.c:398:5:ecx_APWR	48	static
ethercatbase.c:420:5:ecx_APWRw	32	static
ethercatbase.c:435:5:ecx_FPWR	48	static
ethercatbase.c:457:5:ecx_FPWRw	32	static
ethercatbase.c:471:5:ecx_LRW	56	static
ethercatbase.c:497:5:ecx_LRD	56	static
ethercatbase.c:523:5:ecx_LWR	56	static
ethercatbase.c:548:5:ecx_LRWDC	72	static
ethercatbase.c:575:5:ec_setupdatagram	32	static
ethercatbase.c:580:5:ec_adddatagram	40	static
ethercatbase.c:585:5:ec_BWR	32	static
ethercatbase.c:590:5:ec_BRD	32	static
ethercatbase.c:595:5:ec_APRD	32	static
ethercatbase.c:600:5:ec_ARMW	32	static
ethercatbase.c:605:5:ec_FRMW	32	static
ethercatbase.c:610:8:ec_APRDw	32	static
ethercatbase.c:620:5:ec_FPRD	32	static
ethercatbase.c:625:8:ec_FPRDw	32	static
ethercatbase.c:634:5:ec_APWR	32	static
ethercatbase.c:639:5:ec_APWRw	32	static
ethercatbase.c:644:5:ec_FPWR	32	static
ethercatbase.c:649:5:ec_FPWRw	32	static
ethercatbase.c:654:5:ec_LRW	32	static
ethercatbase.c:659:5:ec_LRD	32	static
ethercatbase.c:664:5:ec_LWR	32	static
ethercatbase.c:669:5:ec_LRWDC	40	static
