ethercatmain.c:168:15:ec_find_adapters	16	static
ethercatmain.c:181:6:ec_free_adapters	16	static
ethercatmain.c:191:6:ecx_pusherror	24	static
ethercatmain.c:217:9:ecx_poperror	32	static
ethercatmain.c:243:9:ecx_iserror	16	static
ethercatmain.c:256:6:ecx_packeterror	56	static
ethercatmain.c:277:13:ecx_mbxerror	48	static
ethercatmain.c:301:13:ecx_mbxemergencyerror	56	static
ethercatmain.c:325:5:ecx_init	16	static
ethercatmain.c:337:5:ecx_init_redundant	56	static
ethercatmain.c:358:6:ecx_close	16	static
ethercatmain.c:371:7:ecx_siigetbyte	48	static
ethercatmain.c:440:7:ecx_siifind	24	static
ethercatmain.c:480:6:ecx_siistring	48	static
ethercatmain.c:538:8:ecx_siiFMMU	32	static
ethercatmain.c:578:8:ecx_siiSM	32	static
ethercatmain.c:615:8:ecx_siiSMnext	32	static
ethercatmain.c:649:5:ecx_siiPDO	40	static
ethercatmain.c:718:5:ecx_FPRD_multi	328	static
ethercatmain.c:758:5:ecx_readstate	568	static
ethercatmain.c:808:5:ecx_writestate	32	static
ethercatmain.c:834:8:ecx_statecheck	56	static
ethercatmain.c:879:7:ec_nextmbxcnt	16	static
ethercatmain.c:893:6:ec_clearmbx	16	static
ethercatmain.c:904:5:ecx_mbxempty	56	static
ethercatmain.c:940:5:ecx_mbxsend	56	static
ethercatmain.c:973:5:ecx_mbxreceive	88	static
ethercatmain.c:1066:6:ecx_esidump	56	static
ethercatmain.c:1109:8:ecx_readeeprom	32	static
ethercatmain.c:1127:5:ecx_writeeeprom	40	static
ethercatmain.c:1141:5:ecx_eeprom2master	40	static
ethercatmain.c:1174:5:ecx_eeprom2pdi	40	static
ethercatmain.c:1195:8:ecx_eeprom_waitnotbusyAP	56	static
ethercatmain.c:1227:8:ecx_readeepromAP	72	static
ethercatmain.c:1307:5:ecx_writeeepromAP	56	static
ethercatmain.c:1364:8:ecx_eeprom_waitnotbusyFP	56	static
ethercatmain.c:1396:8:ecx_readeepromFP	72	static
ethercatmain.c:1476:5:ecx_writeeepromFP	56	static
ethercatmain.c:1537:6:ecx_readeeprom1	48	static
ethercatmain.c:1570:8:ecx_readeeprom2	56	static
ethercatmain.c:1597:13:ecx_pushindex	24	static
ethercatmain.c:1612:12:ecx_pullindex	24	static
ethercatmain.c:1636:5:ecx_send_processdata_group	80	static
ethercatmain.c:1797:5:ecx_receive_processdata_group	56	static
ethercatmain.c:1865:5:ecx_send_processdata	16	static
ethercatmain.c:1870:5:ecx_receive_processdata	16	static
ethercatmain.c:1876:6:ec_pusherror	16	static
ethercatmain.c:1881:9:ec_poperror	16	static
ethercatmain.c:1886:9:ec_iserror	8	static
ethercatmain.c:1891:6:ec_packeterror	32	static
ethercatmain.c:1896:5:ec_init	16	static
ethercatmain.c:1901:5:ec_init_redundant	16	static
ethercatmain.c:1906:6:ec_close	8	static
ethercatmain.c:1911:7:ec_siigetbyte	16	static
ethercatmain.c:1916:7:ec_siifind	16	static
ethercatmain.c:1921:6:ec_siistring	16	static
ethercatmain.c:1926:8:ec_siiFMMU	16	static
ethercatmain.c:1931:8:ec_siiSM	16	static
ethercatmain.c:1936:8:ec_siiSMnext	16	static
ethercatmain.c:1941:5:ec_siiPDO	16	static
ethercatmain.c:1946:5:ec_readstate	8	static
ethercatmain.c:1951:5:ec_writestate	16	static
ethercatmain.c:1956:8:ec_statecheck	16	static
ethercatmain.c:1961:5:ec_mbxempty	16	static
ethercatmain.c:1966:5:ec_mbxsend	24	static
ethercatmain.c:1971:5:ec_mbxreceive	24	static
ethercatmain.c:1976:6:ec_esidump	16	static
ethercatmain.c:1981:8:ec_readeeprom	16	static
ethercatmain.c:1986:5:ec_writeeeprom	32	static
ethercatmain.c:1991:5:ec_eeprom2master	16	static
ethercatmain.c:1996:5:ec_eeprom2pdi	16	static
ethercatmain.c:2001:8:ec_eeprom_waitnotbusyAP	24	static
ethercatmain.c:2006:8:ec_readeepromAP	16	static
ethercatmain.c:2011:5:ec_writeeepromAP	32	static
ethercatmain.c:2016:8:ec_eeprom_waitnotbusyFP	24	static
ethercatmain.c:2021:8:ec_readeepromFP	16	static
ethercatmain.c:2026:5:ec_writeeepromFP	32	static
ethercatmain.c:2031:6:ec_readeeprom1	16	static
ethercatmain.c:2036:8:ec_readeeprom2	16	static
ethercatmain.c:2041:5:ec_send_processdata_group	16	static
ethercatmain.c:2046:5:ec_receive_processdata_group	16	static
ethercatmain.c:2051:5:ec_send_processdata	8	static
ethercatmain.c:2056:5:ec_receive_processdata	16	static
