ethercatcoe.c:102:6:ecx_SDOerror	56	static
ethercatcoe.c:125:13:ecx_SDOinfoerror	48	static
ethercatcoe.c:156:5:ecx_SDOread	3056	static
ethercatcoe.c:366:5:ecx_SDOwrite	3048	static
ethercatcoe.c:588:5:ecx_RxPDO	3024	static
ethercatcoe.c:635:5:ecx_TxPDO	3032	static
ethercatcoe.c:711:5:ecx_readPDOassign	64	static
ethercatcoe.c:775:5:ecx_readPDOassignCA	56	static
ethercatcoe.c:842:5:ecx_readPDOmap	64	static
ethercatcoe.c:943:5:ecx_readPDOmapCA	64	static
ethercatcoe.c:1030:5:ecx_readODlist	3032	static
ethercatcoe.c:1149:5:ecx_readODdescription	3024	static
ethercatcoe.c:1235:5:ecx_readOEsingle	3032	static
ethercatcoe.c:1325:5:ecx_readOE	48	static
ethercatcoe.c:1345:6:ec_SDOerror	32	static
ethercatcoe.c:1350:5:ec_SDOread	40	static
ethercatcoe.c:1356:5:ec_SDOwrite	40	static
ethercatcoe.c:1362:5:ec_RxPDO	32	static
ethercatcoe.c:1367:5:ec_TxPDO	32	static
ethercatcoe.c:1373:5:ec_readPDOassign	16	static
ethercatcoe.c:1379:5:ec_readPDOassignCA	16	static
ethercatcoe.c:1384:5:ec_readPDOmap	24	static
ethercatcoe.c:1389:5:ec_readPDOmapCA	24	static
ethercatcoe.c:1394:5:ec_readODlist	16	static
ethercatcoe.c:1399:5:ec_readODdescription	16	static
ethercatcoe.c:1404:5:ec_readOEsingle	32	static
ethercatcoe.c:1409:5:ec_readOE	24	static
