peripheral_port.hpp:146:4:Port::SPIComm::SPIComm(SPI_HandleTypeDef*)	16	static
peripheral_port.hpp:147:4:Port::SPIComm::~SPIComm()	16	static
peripheral_port.hpp:177:4:Port::GPIO::GPIO(GPIO_TypeDef*, uint16_t)	24	static
peripheral_port.hpp:178:4:Port::GPIO::~GPIO()	16	static
peripheral_port.hpp:193:4:Port::EXIT::EXIT(GPIO_TypeDef*, uint16_t, IRQn_Type)	24	static
peripheral_port.hpp:195:4:Port::EXIT::~EXIT()	16	static
peripheral_port.hpp:206:4:Port::CS::CS(GPIO_TypeDef*, uint16_t, uint8_t)	24	static
peripheral_port.hpp:207:4:Port::CS::~CS()	16	static
peripheral_port.hpp:337:4:Port::UartCom::UartCom(UART_HandleTypeDef*, uint32_t, uint32_t, uint32_t, uint32_t)	24	static
peripheral_port.hpp:353:4:Port::UartCom::~UartCom()	16	static
peripheral_port.hpp:907:4:Port::CANComm::CANComm(CAN_HandleTypeDef*, uint32_t)	24	static
peripheral_port.hpp:908:12:Port::CANComm::~CANComm()	16	static
peripheral_port.hpp:908:12:virtual Port::CANComm::~CANComm()	16	static
var_port.cpp:39:51:void __static_initialization_and_destruction_0(int, int)	24	static
var_port.cpp:39:51:cpp)	8	static
var_port.cpp:39:51:cpp)	8	static
