nicdrv.c:110:13:ecx_clear_rxbufstat	24	static
nicdrv.c:125:5:ecx_setupnic	40	static
nicdrv.c:197:5:ecx_closenic	16	static
nicdrv.c:215:6:ec_setupheader	24	static
nicdrv.c:232:5:ecx_getindex	24	static
nicdrv.c:273:6:ecx_setbufstat	24	static
nicdrv.c:288:5:ecx_outframe	40	static
nicdrv.c:313:5:ecx_outframe_red	32	static
nicdrv.c:351:12:ecx_recvpkt	32	static
nicdrv.c:387:5:ecx_inframe	64	static
nicdrv.c:481:12:ecx_waitinframe_red	48	static
nicdrv.c:574:5:ecx_waitinframe	40	static
nicdrv.c:602:5:ecx_srconfirm	48	static
nicdrv.c:630:5:ec_setupnic	16	static
nicdrv.c:635:5:ec_closenic	8	static
nicdrv.c:640:5:ec_getindex	8	static
nicdrv.c:645:6:ec_setbufstat	16	static
nicdrv.c:650:5:ec_outframe	16	static
nicdrv.c:655:5:ec_outframe_red	16	static
nicdrv.c:660:5:ec_inframe	16	static
nicdrv.c:665:5:ec_waitinframe	16	static
nicdrv.c:670:5:ec_srconfirm	16	static
