cia402appl.c:88:8:CiA402_Init	40	static
cia402appl.c:267:6:CiA402_DeallocateAxis	16	static
cia402appl.c:304:6:CiA402_StateMachine	24	static
cia402appl.c:546:6:CiA402_LocalError	24	static
cia402appl.c:564:6:CiA402_DummyMotionControl	40	static
cia402appl.c:628:6:CiA402_TransitionAction	16	static
cia402appl.c:677:6:CiA402_Application	24	static
cia402appl.c:790:7:Write0xF030	48	static
cia402appl.c:960:9:APPL_AckErrorInd	16	static
cia402appl.c:979:8:APPL_StartMailboxHandler	4	static
cia402appl.c:995:8:APPL_StopMailboxHandler	4	static
cia402appl.c:1016:8:APPL_StartInputHandler	24	static
cia402appl.c:1091:8:APPL_StopInputHandler	4	static
cia402appl.c:1109:8:APPL_StartOutputHandler	4	static
cia402appl.c:1125:8:APPL_StopOutputHandler	4	static
cia402appl.c:1139:8:APPL_GenerateMapping	40	static
cia402appl.c:1284:6:APPL_InputMapping	32	static
cia402appl.c:1368:6:APPL_OutputMapping	32	static
cia402appl.c:1450:6:APPL_Application	16	static
cia402appl.c:1481:5:MainEtherCAT	8	static
