core_cm4.h:1688:22:__NVIC_EnableIRQ	16	static
core_cm4.h:1724:22:__NVIC_DisableIRQ	16	static,ignoring_inline_asm
el9800hw.c:124:9:WR_CMD	32	static
el9800hw.c:291:13:GetInterruptRegister	8	static,ignoring_inline_asm
el9800hw.c:322:13:ISR_GetInterruptRegister	8	static
el9800hw.c:343:13:AddressingEsc	24	static
el9800hw.c:378:13:ISR_AddressingEsc	24	static
el9800hw.c:460:7:HW_Init	16	static,ignoring_inline_asm
el9800hw.c:519:6:HW_Release	4	static
el9800hw.c:530:8:HW_GetALEventRegister	8	static
el9800hw.c:548:8:HW_GetALEventRegister_Isr	8	static
el9800hw.c:580:6:HW_EscRead	32	static,ignoring_inline_asm
el9800hw.c:636:6:HW_EscReadIsr	32	static
el9800hw.c:670:6:HW_EscWrite	32	static,ignoring_inline_asm
el9800hw.c:716:6:HW_EscWriteIsr	32	static
el9800hw.c:780:6:EXTI9_5_IRQHandler	8	static
el9800hw.c:803:6:EXTI0_IRQHandler	8	static
el9800hw.c:816:6:EXTI1_IRQHandler	8	static
el9800hw.c:828:6:TIM2_IRQHandler	8	static
