esc.c:23:6:ESC_ALerror	24	static
esc.c:36:6:ESC_ALstatus	24	static
esc.c:52:6:ESC_ALstatusgotoerror	24	static
esc.c:90:6:ESC_ALeventmaskwrite	24	static
esc.c:101:10:ESC_ALeventmaskread	16	static
esc.c:113:6:ESC_ALeventwrite	24	static
esc.c:124:10:ESC_ALeventread	16	static
esc.c:136:6:ESC_SMack	24	static
esc.c:147:6:ESC_SMstatus	24	static
esc.c:158:6:ESC_SMwritepdi	24	static
esc.c:169:6:ESC_SMenable	24	static
esc.c:180:6:ESC_SMdisable	24	static
esc.c:190:6:ESC_address	8	static
esc.c:200:9:ESC_WDstatus	16	static
esc.c:212:9:ESC_SYNCactivation	16	static
esc.c:223:10:ESC_SYNC0cycletime	16	static
esc.c:235:10:ESC_SYNC1cycletime	16	static
esc.c:248:10:ESC_checkDC	16	static
esc.c:283:9:ESC_checkmbx	24	static
esc.c:317:9:ESC_startmbx	16	static
esc.c:351:9:ESC_startmbxboot	16	static
esc.c:378:6:ESC_stopmbx	16	static
esc.c:407:6:ESC_readmbx	16	static
esc.c:433:6:ESC_writembx	32	static
esc.c:455:6:ESC_ackmbxread	16	static
esc.c:469:9:ESC_claimbuffer	16	static
esc.c:500:9:ESC_outreqbuffer	16	static
esc.c:515:6:MBX_error	24	static
esc.c:537:9:ESC_mbxprocess	16	static
esc.c:657:6:ESC_xoeprocess	16	static
esc.c:686:9:ESC_checkSM23	24	static
esc.c:778:9:ESC_startinput	24	static
esc.c:857:6:ESC_stopinput	8	static
esc.c:881:9:ESC_startoutput	16	static
esc.c:900:6:ESC_stopoutput	8	static
esc.c:911:6:ESC_sm_act_event	16	static
esc.c:997:13:ESC_check_id_request	24	static
esc.c:1019:16:ESC_load_device_id	16	static
esc.c:1069:6:ESC_state	16	static
esc.c:1307:6:ESC_config	16	static
