esc_soes.c:23:6:ESC_ALerror	24	static
esc_soes.c:36:6:ESC_ALstatus	24	static
esc_soes.c:52:6:ESC_ALstatusgotoerror	24	static
esc_soes.c:90:6:ESC_ALeventmaskwrite	24	static
esc_soes.c:101:10:ESC_ALeventmaskread	16	static
esc_soes.c:113:6:ESC_ALeventwrite	24	static
esc_soes.c:124:10:ESC_ALeventread	16	static
esc_soes.c:136:6:ESC_SMack	24	static
esc_soes.c:147:6:ESC_SMstatus	24	static
esc_soes.c:158:6:ESC_SMwritepdi	24	static
esc_soes.c:169:6:ESC_SMenable	24	static
esc_soes.c:180:6:ESC_SMdisable	24	static
esc_soes.c:190:6:ESC_address	8	static
esc_soes.c:200:9:ESC_WDstatus	16	static
esc_soes.c:212:9:ESC_SYNCactivation	16	static
esc_soes.c:223:10:ESC_SYNC0cycletime	16	static
esc_soes.c:235:10:ESC_SYNC1cycletime	16	static
esc_soes.c:248:10:ESC_checkDC	16	static
esc_soes.c:283:9:ESC_checkmbx	24	static
esc_soes.c:317:9:ESC_startmbx	16	static
esc_soes.c:351:9:ESC_startmbxboot	16	static
esc_soes.c:378:6:ESC_stopmbx	16	static
esc_soes.c:407:6:ESC_readmbx	16	static
esc_soes.c:433:6:ESC_writembx	32	static
esc_soes.c:455:6:ESC_ackmbxread	16	static
esc_soes.c:469:9:ESC_claimbuffer	16	static
esc_soes.c:500:9:ESC_outreqbuffer	16	static
esc_soes.c:515:6:MBX_error	24	static
esc_soes.c:537:9:ESC_mbxprocess	16	static
esc_soes.c:657:6:ESC_xoeprocess	16	static
esc_soes.c:688:9:ESC_checkSM23	24	static
esc_soes.c:780:9:ESC_startinput	24	static
esc_soes.c:859:6:ESC_stopinput	8	static
esc_soes.c:883:9:ESC_startoutput	16	static
esc_soes.c:902:6:ESC_stopoutput	8	static
esc_soes.c:913:6:ESC_sm_act_event	16	static
esc_soes.c:999:13:ESC_check_id_request	24	static
esc_soes.c:1021:16:ESC_load_device_id	16	static
esc_soes.c:1071:6:ESC_state	16	static
esc_soes.c:1309:6:ESC_config	16	static
