core_cm4.h:1688:22:__NVIC_EnableIRQ	16	static
core_cm4.h:1724:22:__NVIC_DisableIRQ	16	static,ignoring_inline_asm
el9800hw.c:124:9:WR_CMD	32	static
el9800hw.c:274:13:GetInterruptRegister	8	static,ignoring_inline_asm
el9800hw.c:306:13:ISR_GetInterruptRegister	8	static
el9800hw.c:327:13:AddressingEsc	24	static
el9800hw.c:363:13:ISR_AddressingEsc	24	static
el9800hw.c:399:7:HW_Init	16	static,ignoring_inline_asm
el9800hw.c:457:6:HW_Release	4	static
el9800hw.c:468:8:HW_GetALEventRegister	8	static
el9800hw.c:487:8:HW_GetALEventRegister_Isr	8	static
el9800hw.c:518:6:HW_EscRead	32	static,ignoring_inline_asm
el9800hw.c:574:6:HW_EscReadIsr	32	static
el9800hw.c:608:6:HW_EscWrite	24	static,ignoring_inline_asm
el9800hw.c:655:6:HW_EscWriteIsr	24	static
el9800hw.c:721:6:EXTI9_5_IRQHandler	8	static
el9800hw.c:737:6:EXTI0_IRQHandler	8	static
el9800hw.c:750:6:EXTI1_IRQHandler	8	static
el9800hw.c:762:6:TIM2_IRQHandler	8	static
