core_cm4.h:1688:22:__NVIC_EnableIRQ	16	static
core_cm4.h:1724:22:__NVIC_DisableIRQ	16	static,ignoring_inline_asm
el9800hw.c:124:9:WR_CMD	32	static
el9800hw.c:271:13:GetInterruptRegister	8	static,ignoring_inline_asm
el9800hw.c:303:13:ISR_GetInterruptRegister	8	static
el9800hw.c:324:13:AddressingEsc	24	static
el9800hw.c:360:13:ISR_AddressingEsc	24	static
el9800hw.c:395:7:HW_Init	16	static,ignoring_inline_asm
el9800hw.c:455:6:HW_Release	4	static
el9800hw.c:466:8:HW_GetALEventRegister	8	static
el9800hw.c:485:8:HW_GetALEventRegister_Isr	8	static
el9800hw.c:516:6:HW_EscRead	32	static,ignoring_inline_asm
el9800hw.c:572:6:HW_EscReadIsr	32	static
el9800hw.c:606:6:HW_EscWrite	32	static,ignoring_inline_asm
el9800hw.c:652:6:HW_EscWriteIsr	32	static
el9800hw.c:716:6:EXTI9_5_IRQHandler	8	static
el9800hw.c:739:6:EXTI0_IRQHandler	8	static
el9800hw.c:752:6:EXTI1_IRQHandler	8	static
el9800hw.c:764:6:TIM2_IRQHandler	8	static
