el9800appl.c:82:9:APPL_AckErrorInd	16	static
el9800appl.c:100:8:APPL_StartMailboxHandler	4	static
el9800appl.c:116:8:APPL_StopMailboxHandler	4	static
el9800appl.c:137:8:APPL_StartInputHandler	16	static
el9800appl.c:153:8:APPL_StopInputHandler	4	static
el9800appl.c:171:8:APPL_StartOutputHandler	4	static
el9800appl.c:187:8:APPL_StopOutputHandler	4	static
el9800appl.c:224:8:APPL_GenerateMapping	48	static
el9800appl.c:313:6:APPL_InputMapping	24	static
el9800appl.c:351:6:APPL_OutputMapping	24	static
el9800appl.c:374:6:APPL_Application	4	static
el9800appl.c:458:7:ReadObject0x1802	32	static
el9800appl.c:526:5:MainEtherCAT	8	static
