14:45:49 **** Incremental Build of configuration Debug for project F4_EtherCAT ****
make -j24 all 
arm-none-eabi-size   F4_EtherCAT.elf 
   text	   data	    bss	    dec	    hex	filename
  51496	    272	   5144	  56912	   de50	F4_EtherCAT.elf
Finished building: default.size.stdout
 
14:46:05 **** Incremental Build of configuration Debug for project F4_EtherCAT ****
make -j24 all 
arm-none-eabi-size   F4_EtherCAT.elf 
   text	   data	    bss	    dec	    hex	filename
  51496	    272	   5144	  56912	   de50	F4_EtherCAT.elf
Finished building: default.size.stdout
 
14:46:08 **** Incremental Build of configuration Debug for project F4_EtherCAT ****
make -j24 all 
arm-none-eabi-size   F4_EtherCAT.elf 
   text	   data	    bss	    dec	    hex	filename
  51496	    272	   5144	  56912	   de50	F4_EtherCAT.elf
Finished building: default.size.stdout
 
14:46:58 **** Incremental Build of configuration Debug for project F4_EtherCAT ****
make -j24 all 
arm-none-eabi-size   F4_EtherCAT.elf 
   text	   data	    bss	    dec	    hex	filename
  51496	    272	   5144	  56912	   de50	F4_EtherCAT.elf
Finished building: default.size.stdout
 
14:47:03 **** Incremental Build of configuration Debug for project F4_EtherCAT ****
make -j24 all 
arm-none-eabi-size   F4_EtherCAT.elf 
   text	   data	    bss	    dec	    hex	filename
  51496	    272	   5144	  56912	   de50	F4_EtherCAT.elf
Finished building: default.size.stdout
 
14:47:09 **** Incremental Build of configuration Debug for project F4_EtherCAT ****
make -j24 all 
arm-none-eabi-size   F4_EtherCAT.elf 
   text	   data	    bss	    dec	    hex	filename
  51496	    272	   5144	  56912	   de50	F4_EtherCAT.elf
Finished building: default.size.stdout
 
14:59:40 **** Incremental Build of configuration Debug for project F4_EtherCAT ****
make -j24 all 
arm-none-eabi-size   F4_EtherCAT.elf 
   text	   data	    bss	    dec	    hex	filename
  51496	    272	   5144	  56912	   de50	F4_EtherCAT.elf
Finished building: default.size.stdout
 
14:59:48 **** Incremental Build of configuration Debug for project F4_EtherCAT ****
make -j24 all 
arm-none-eabi-size   F4_EtherCAT.elf 
   text	   data	    bss	    dec	    hex	filename
  51496	    272	   5144	  56912	   de50	F4_EtherCAT.elf
Finished building: default.size.stdout
 
14:59:59 **** Incremental Build of configuration Debug for project F4_EtherCAT ****
make -j24 all 
arm-none-eabi-size   F4_EtherCAT.elf 
   text	   data	    bss	    dec	    hex	filename
  51496	    272	   5144	  56912	   de50	F4_EtherCAT.elf
Finished building: default.size.stdout
 
15:00:57 **** Incremental Build of configuration Debug for project F4_EtherCAT ****
make -j24 all 
arm-none-eabi-gcc "../Platform/SOES/app/ecat_app.c" -mcpu=cortex-m4 -std=gnu11 -g3 -DDEBUG -DUSE_HAL_DRIVER -DSTM32F405xx -DARM_MATH_CM4 -c -I../Core/Inc -I../Drivers/STM32F4xx_HAL_Driver/Inc -I../Drivers/STM32F4xx_HAL_Driver/Inc/Legacy -I../Drivers/CMSIS/Device/ST/STM32F4xx/Include -I../Drivers/CMSIS/Include -I../UserApp -I../Middlewares/ST/ARM/DSP/Inc -I../Platform/SOES -I../Platform/SOEM -I../Platform/SSC/Inc -I../Platform/SSC/port -O0 -ffunction-sections -fdata-sections -Wall -fstack-usage -MMD -MP -MF"Platform/SOES/app/ecat_app.d" -MT"Platform/SOES/app/ecat_app.o" --specs=nano.specs -mfpu=fpv4-sp-d16 -mfloat-abi=hard -mthumb -o "Platform/SOES/app/ecat_app.o"
arm-none-eabi-g++ -o "F4_EtherCAT.elf" @"objects.list"   -mcpu=cortex-m4 -T"D:\STM32CUBE\F4_EtherCAT\F4_EtherCAT\STM32F405RGTX_FLASH.ld" --specs=nosys.specs -Wl,-Map="F4_EtherCAT.map" -Wl,--gc-sections -static -L../Middlewares/ST/ARM/DSP/Lib --specs=nano.specs -mfpu=fpv4-sp-d16 -mfloat-abi=hard -mthumb -Wl,--start-group -lc -lm -lstdc++ -lsupc++ -Wl,--end-group
Finished building target: F4_EtherCAT.elf
 
arm-none-eabi-size   F4_EtherCAT.elf 
arm-none-eabi-objdump -h -S  F4_EtherCAT.elf  > "F4_EtherCAT.list"
arm-none-eabi-objcopy  -O binary  F4_EtherCAT.elf  "F4_EtherCAT.bin"
   text	   data	    bss	    dec	    hex	filename
  51656	    272	   5144	  57072	   def0	F4_EtherCAT.elf
Finished building: default.size.stdout
 
Finished building: F4_EtherCAT.bin
 
Finished building: F4_EtherCAT.list
 
15:01:03 **** Incremental Build of configuration Debug for project F4_EtherCAT ****
make -j24 all 
arm-none-eabi-size   F4_EtherCAT.elf 
   text	   data	    bss	    dec	    hex	filename
  51656	    272	   5144	  57072	   def0	F4_EtherCAT.elf
Finished building: default.size.stdout
 
15:18:12 **** Incremental Build of configuration Debug for project F4_EtherCAT ****
make -j24 all 
arm-none-eabi-gcc "../Platform/SOES/app/ecat_app.c" -mcpu=cortex-m4 -std=gnu11 -g3 -DDEBUG -DUSE_HAL_DRIVER -DSTM32F405xx -DARM_MATH_CM4 -c -I../Core/Inc -I../Drivers/STM32F4xx_HAL_Driver/Inc -I../Drivers/STM32F4xx_HAL_Driver/Inc/Legacy -I../Drivers/CMSIS/Device/ST/STM32F4xx/Include -I../Drivers/CMSIS/Include -I../UserApp -I../Middlewares/ST/ARM/DSP/Inc -I../Platform/SOES -I../Platform/SOEM -I../Platform/SSC/Inc -I../Platform/SSC/port -O0 -ffunction-sections -fdata-sections -Wall -fstack-usage -MMD -MP -MF"Platform/SOES/app/ecat_app.d" -MT"Platform/SOES/app/ecat_app.o" --specs=nano.specs -mfpu=fpv4-sp-d16 -mfloat-abi=hard -mthumb -o "Platform/SOES/app/ecat_app.o"
arm-none-eabi-g++ -o "F4_EtherCAT.elf" @"objects.list"   -mcpu=cortex-m4 -T"D:\STM32CUBE\F4_EtherCAT\F4_EtherCAT\STM32F405RGTX_FLASH.ld" --specs=nosys.specs -Wl,-Map="F4_EtherCAT.map" -Wl,--gc-sections -static -L../Middlewares/ST/ARM/DSP/Lib --specs=nano.specs -mfpu=fpv4-sp-d16 -mfloat-abi=hard -mthumb -Wl,--start-group -lc -lm -lstdc++ -lsupc++ -Wl,--end-group
Finished building target: F4_EtherCAT.elf
 
arm-none-eabi-size   F4_EtherCAT.elf 
arm-none-eabi-objdump -h -S  F4_EtherCAT.elf  > "F4_EtherCAT.list"
arm-none-eabi-objcopy  -O binary  F4_EtherCAT.elf  "F4_EtherCAT.bin"
   text	   data	    bss	    dec	    hex	filename
  51496	    272	   5144	  56912	   de50	F4_EtherCAT.elf
Finished building: default.size.stdout
 
Finished building: F4_EtherCAT.bin
 
Finished building: F4_EtherCAT.list
 
15:20:11 **** Incremental Build of configuration Debug for project F4_EtherCAT ****
make -j24 all 
arm-none-eabi-gcc "../Platform/SOES/app/ecat_app.c" -mcpu=cortex-m4 -std=gnu11 -g3 -DDEBUG -DUSE_HAL_DRIVER -DSTM32F405xx -DARM_MATH_CM4 -c -I../Core/Inc -I../Drivers/STM32F4xx_HAL_Driver/Inc -I../Drivers/STM32F4xx_HAL_Driver/Inc/Legacy -I../Drivers/CMSIS/Device/ST/STM32F4xx/Include -I../Drivers/CMSIS/Include -I../UserApp -I../Middlewares/ST/ARM/DSP/Inc -I../Platform/SOES -I../Platform/SOEM -I../Platform/SSC/Inc -I../Platform/SSC/port -O0 -ffunction-sections -fdata-sections -Wall -fstack-usage -MMD -MP -MF"Platform/SOES/app/ecat_app.d" -MT"Platform/SOES/app/ecat_app.o" --specs=nano.specs -mfpu=fpv4-sp-d16 -mfloat-abi=hard -mthumb -o "Platform/SOES/app/ecat_app.o"
arm-none-eabi-g++ -o "F4_EtherCAT.elf" @"objects.list"   -mcpu=cortex-m4 -T"D:\STM32CUBE\F4_EtherCAT\F4_EtherCAT\STM32F405RGTX_FLASH.ld" --specs=nosys.specs -Wl,-Map="F4_EtherCAT.map" -Wl,--gc-sections -static -L../Middlewares/ST/ARM/DSP/Lib --specs=nano.specs -mfpu=fpv4-sp-d16 -mfloat-abi=hard -mthumb -Wl,--start-group -lc -lm -lstdc++ -lsupc++ -Wl,--end-group
Finished building target: F4_EtherCAT.elf
 
arm-none-eabi-size   F4_EtherCAT.elf 
arm-none-eabi-objdump -h -S  F4_EtherCAT.elf  > "F4_EtherCAT.list"
arm-none-eabi-objcopy  -O binary  F4_EtherCAT.elf  "F4_EtherCAT.bin"
   text	   data	    bss	    dec	    hex	filename
  51496	    272	   5144	  56912	   de50	F4_EtherCAT.elf
Finished building: default.size.stdout
 
Finished building: F4_EtherCAT.bin
 
Finished building: F4_EtherCAT.list
 
15:20:57 **** Incremental Build of configuration Debug for project F4_EtherCAT ****
make -j24 all 
arm-none-eabi-gcc "../Platform/SOES/app/ecat_app.c" -mcpu=cortex-m4 -std=gnu11 -g3 -DDEBUG -DUSE_HAL_DRIVER -DSTM32F405xx -DARM_MATH_CM4 -c -I../Core/Inc -I../Drivers/STM32F4xx_HAL_Driver/Inc -I../Drivers/STM32F4xx_HAL_Driver/Inc/Legacy -I../Drivers/CMSIS/Device/ST/STM32F4xx/Include -I../Drivers/CMSIS/Include -I../UserApp -I../Middlewares/ST/ARM/DSP/Inc -I../Platform/SOES -I../Platform/SOEM -I../Platform/SSC/Inc -I../Platform/SSC/port -O0 -ffunction-sections -fdata-sections -Wall -fstack-usage -MMD -MP -MF"Platform/SOES/app/ecat_app.d" -MT"Platform/SOES/app/ecat_app.o" --specs=nano.specs -mfpu=fpv4-sp-d16 -mfloat-abi=hard -mthumb -o "Platform/SOES/app/ecat_app.o"
../Platform/SOES/app/ecat_app.c:158:16: warning: 'pdi_irq_flag' defined but not used [-Wunused-variable]
  158 | static uint8_t pdi_irq_flag = 0;
      |                ^~~~~~~~~~~~
arm-none-eabi-g++ -o "F4_EtherCAT.elf" @"objects.list"   -mcpu=cortex-m4 -T"D:\STM32CUBE\F4_EtherCAT\F4_EtherCAT\STM32F405RGTX_FLASH.ld" --specs=nosys.specs -Wl,-Map="F4_EtherCAT.map" -Wl,--gc-sections -static -L../Middlewares/ST/ARM/DSP/Lib --specs=nano.specs -mfpu=fpv4-sp-d16 -mfloat-abi=hard -mthumb -Wl,--start-group -lc -lm -lstdc++ -lsupc++ -Wl,--end-group
Finished building target: F4_EtherCAT.elf
 
arm-none-eabi-size   F4_EtherCAT.elf 
arm-none-eabi-objdump -h -S  F4_EtherCAT.elf  > "F4_EtherCAT.list"
arm-none-eabi-objcopy  -O binary  F4_EtherCAT.elf  "F4_EtherCAT.bin"
   text	   data	    bss	    dec	    hex	filename
  51372	    272	   5144	  56788	   ddd4	F4_EtherCAT.elf
Finished building: default.size.stdout
 
Finished building: F4_EtherCAT.bin
 
Finished building: F4_EtherCAT.list
 
15:21:05 **** Incremental Build of configuration Debug for project F4_EtherCAT ****
make -j24 all 
arm-none-eabi-size   F4_EtherCAT.elf 
   text	   data	    bss	    dec	    hex	filename
  51372	    272	   5144	  56788	   ddd4	F4_EtherCAT.elf
Finished building: default.size.stdout
 
15:22:08 **** Incremental Build of configuration Debug for project F4_EtherCAT ****
make -j24 all 
arm-none-eabi-gcc "../Platform/SOES/app/ecat_app.c" -mcpu=cortex-m4 -std=gnu11 -g3 -DDEBUG -DUSE_HAL_DRIVER -DSTM32F405xx -DARM_MATH_CM4 -c -I../Core/Inc -I../Drivers/STM32F4xx_HAL_Driver/Inc -I../Drivers/STM32F4xx_HAL_Driver/Inc/Legacy -I../Drivers/CMSIS/Device/ST/STM32F4xx/Include -I../Drivers/CMSIS/Include -I../UserApp -I../Middlewares/ST/ARM/DSP/Inc -I../Platform/SOES -I../Platform/SOEM -I../Platform/SSC/Inc -I../Platform/SSC/port -O0 -ffunction-sections -fdata-sections -Wall -fstack-usage -MMD -MP -MF"Platform/SOES/app/ecat_app.d" -MT"Platform/SOES/app/ecat_app.o" --specs=nano.specs -mfpu=fpv4-sp-d16 -mfloat-abi=hard -mthumb -o "Platform/SOES/app/ecat_app.o"
../Platform/SOES/app/ecat_app.c:181:16: warning: 'pdi_irq_flag' defined but not used [-Wunused-variable]
  181 | static uint8_t pdi_irq_flag = 0;
      |                ^~~~~~~~~~~~
arm-none-eabi-g++ -o "F4_EtherCAT.elf" @"objects.list"   -mcpu=cortex-m4 -T"D:\STM32CUBE\F4_EtherCAT\F4_EtherCAT\STM32F405RGTX_FLASH.ld" --specs=nosys.specs -Wl,-Map="F4_EtherCAT.map" -Wl,--gc-sections -static -L../Middlewares/ST/ARM/DSP/Lib --specs=nano.specs -mfpu=fpv4-sp-d16 -mfloat-abi=hard -mthumb -Wl,--start-group -lc -lm -lstdc++ -lsupc++ -Wl,--end-group
Finished building target: F4_EtherCAT.elf
 
arm-none-eabi-size   F4_EtherCAT.elf 
arm-none-eabi-objdump -h -S  F4_EtherCAT.elf  > "F4_EtherCAT.list"
arm-none-eabi-objcopy  -O binary  F4_EtherCAT.elf  "F4_EtherCAT.bin"
   text	   data	    bss	    dec	    hex	filename
  50804	    272	   5144	  56220	   db9c	F4_EtherCAT.elf
Finished building: default.size.stdout
 
Finished building: F4_EtherCAT.bin
 
Finished building: F4_EtherCAT.list
 
15:22:19 **** Incremental Build of configuration Debug for project F4_EtherCAT ****
make -j24 all 
arm-none-eabi-size   F4_EtherCAT.elf 
   text	   data	    bss	    dec	    hex	filename
  50804	    272	   5144	  56220	   db9c	F4_EtherCAT.elf
Finished building: default.size.stdout
 
15:23:13 **** Incremental Build of configuration Debug for project F4_EtherCAT ****
make -j24 all 
arm-none-eabi-gcc "../Platform/SOES/app/ecat_app.c" -mcpu=cortex-m4 -std=gnu11 -g3 -DDEBUG -DUSE_HAL_DRIVER -DSTM32F405xx -DARM_MATH_CM4 -c -I../Core/Inc -I../Drivers/STM32F4xx_HAL_Driver/Inc -I../Drivers/STM32F4xx_HAL_Driver/Inc/Legacy -I../Drivers/CMSIS/Device/ST/STM32F4xx/Include -I../Drivers/CMSIS/Include -I../UserApp -I../Middlewares/ST/ARM/DSP/Inc -I../Platform/SOES -I../Platform/SOEM -I../Platform/SSC/Inc -I../Platform/SSC/port -O0 -ffunction-sections -fdata-sections -Wall -fstack-usage -MMD -MP -MF"Platform/SOES/app/ecat_app.d" -MT"Platform/SOES/app/ecat_app.o" --specs=nano.specs -mfpu=fpv4-sp-d16 -mfloat-abi=hard -mthumb -o "Platform/SOES/app/ecat_app.o"
../Platform/SOES/app/ecat_app.c:180:16: warning: 'pdi_irq_flag' defined but not used [-Wunused-variable]
  180 | static uint8_t pdi_irq_flag = 0;
      |                ^~~~~~~~~~~~
arm-none-eabi-g++ -o "F4_EtherCAT.elf" @"objects.list"   -mcpu=cortex-m4 -T"D:\STM32CUBE\F4_EtherCAT\F4_EtherCAT\STM32F405RGTX_FLASH.ld" --specs=nosys.specs -Wl,-Map="F4_EtherCAT.map" -Wl,--gc-sections -static -L../Middlewares/ST/ARM/DSP/Lib --specs=nano.specs -mfpu=fpv4-sp-d16 -mfloat-abi=hard -mthumb -Wl,--start-group -lc -lm -lstdc++ -lsupc++ -Wl,--end-group
Finished building target: F4_EtherCAT.elf
 
arm-none-eabi-size   F4_EtherCAT.elf 
arm-none-eabi-objdump -h -S  F4_EtherCAT.elf  > "F4_EtherCAT.list"
arm-none-eabi-objcopy  -O binary  F4_EtherCAT.elf  "F4_EtherCAT.bin"
   text	   data	    bss	    dec	    hex	filename
  50804	    272	   5144	  56220	   db9c	F4_EtherCAT.elf
Finished building: default.size.stdout
 
Finished building: F4_EtherCAT.bin
 
Finished building: F4_EtherCAT.list
 
15:23:50 **** Incremental Build of configuration Debug for project F4_EtherCAT ****
make -j24 all 
arm-none-eabi-size   F4_EtherCAT.elf 
   text	   data	    bss	    dec	    hex	filename
  50804	    272	   5144	  56220	   db9c	F4_EtherCAT.elf
Finished building: default.size.stdout
 
15:24:00 **** Incremental Build of configuration Debug for project F4_EtherCAT ****
make -j24 all 
arm-none-eabi-size   F4_EtherCAT.elf 
   text	   data	    bss	    dec	    hex	filename
  50804	    272	   5144	  56220	   db9c	F4_EtherCAT.elf
Finished building: default.size.stdout
 
15:25:59 **** Incremental Build of configuration Debug for project F4_EtherCAT ****
make -j24 all 
arm-none-eabi-gcc "../Platform/SOES/hw/esc_hw.c" -mcpu=cortex-m4 -std=gnu11 -g3 -DDEBUG -DUSE_HAL_DRIVER -DSTM32F405xx -DARM_MATH_CM4 -c -I../Core/Inc -I../Drivers/STM32F4xx_HAL_Driver/Inc -I../Drivers/STM32F4xx_HAL_Driver/Inc/Legacy -I../Drivers/CMSIS/Device/ST/STM32F4xx/Include -I../Drivers/CMSIS/Include -I../UserApp -I../Middlewares/ST/ARM/DSP/Inc -I../Platform/SOES -I../Platform/SOEM -I../Platform/SSC/Inc -I../Platform/SSC/port -O0 -ffunction-sections -fdata-sections -Wall -fstack-usage -MMD -MP -MF"Platform/SOES/hw/esc_hw.d" -MT"Platform/SOES/hw/esc_hw.o" --specs=nano.specs -mfpu=fpv4-sp-d16 -mfloat-abi=hard -mthumb -o "Platform/SOES/hw/esc_hw.o"
arm-none-eabi-g++ -o "F4_EtherCAT.elf" @"objects.list"   -mcpu=cortex-m4 -T"D:\STM32CUBE\F4_EtherCAT\F4_EtherCAT\STM32F405RGTX_FLASH.ld" --specs=nosys.specs -Wl,-Map="F4_EtherCAT.map" -Wl,--gc-sections -static -L../Middlewares/ST/ARM/DSP/Lib --specs=nano.specs -mfpu=fpv4-sp-d16 -mfloat-abi=hard -mthumb -Wl,--start-group -lc -lm -lstdc++ -lsupc++ -Wl,--end-group
Finished building target: F4_EtherCAT.elf
 
arm-none-eabi-size   F4_EtherCAT.elf 
arm-none-eabi-objdump -h -S  F4_EtherCAT.elf  > "F4_EtherCAT.list"
arm-none-eabi-objcopy  -O binary  F4_EtherCAT.elf  "F4_EtherCAT.bin"
   text	   data	    bss	    dec	    hex	filename
  50076	    272	   5144	  55492	   d8c4	F4_EtherCAT.elf
Finished building: default.size.stdout
 
Finished building: F4_EtherCAT.bin
 
Finished building: F4_EtherCAT.list
 
15:26:05 **** Incremental Build of configuration Debug for project F4_EtherCAT ****
make -j24 all 
arm-none-eabi-size   F4_EtherCAT.elf 
   text	   data	    bss	    dec	    hex	filename
  50076	    272	   5144	  55492	   d8c4	F4_EtherCAT.elf
Finished building: default.size.stdout
 
15:33:45 **** Incremental Build of configuration Debug for project F4_EtherCAT ****
make -j24 all 
arm-none-eabi-gcc "../Platform/SOES/hw/esc_hw.c" -mcpu=cortex-m4 -std=gnu11 -g3 -DDEBUG -DUSE_HAL_DRIVER -DSTM32F405xx -DARM_MATH_CM4 -c -I../Core/Inc -I../Drivers/STM32F4xx_HAL_Driver/Inc -I../Drivers/STM32F4xx_HAL_Driver/Inc/Legacy -I../Drivers/CMSIS/Device/ST/STM32F4xx/Include -I../Drivers/CMSIS/Include -I../UserApp -I../Middlewares/ST/ARM/DSP/Inc -I../Platform/SOES -I../Platform/SOEM -I../Platform/SSC/Inc -I../Platform/SSC/port -O0 -ffunction-sections -fdata-sections -Wall -fstack-usage -MMD -MP -MF"Platform/SOES/hw/esc_hw.d" -MT"Platform/SOES/hw/esc_hw.o" --specs=nano.specs -mfpu=fpv4-sp-d16 -mfloat-abi=hard -mthumb -o "Platform/SOES/hw/esc_hw.o"
arm-none-eabi-gcc "../Platform/SOES/app/ecat_app.c" -mcpu=cortex-m4 -std=gnu11 -g3 -DDEBUG -DUSE_HAL_DRIVER -DSTM32F405xx -DARM_MATH_CM4 -c -I../Core/Inc -I../Drivers/STM32F4xx_HAL_Driver/Inc -I../Drivers/STM32F4xx_HAL_Driver/Inc/Legacy -I../Drivers/CMSIS/Device/ST/STM32F4xx/Include -I../Drivers/CMSIS/Include -I../UserApp -I../Middlewares/ST/ARM/DSP/Inc -I../Platform/SOES -I../Platform/SOEM -I../Platform/SSC/Inc -I../Platform/SSC/port -O0 -ffunction-sections -fdata-sections -Wall -fstack-usage -MMD -MP -MF"Platform/SOES/app/ecat_app.d" -MT"Platform/SOES/app/ecat_app.o" --specs=nano.specs -mfpu=fpv4-sp-d16 -mfloat-abi=hard -mthumb -o "Platform/SOES/app/ecat_app.o"
arm-none-eabi-gcc "../Platform/SOES/esc_eep.c" -mcpu=cortex-m4 -std=gnu11 -g3 -DDEBUG -DUSE_HAL_DRIVER -DSTM32F405xx -DARM_MATH_CM4 -c -I../Core/Inc -I../Drivers/STM32F4xx_HAL_Driver/Inc -I../Drivers/STM32F4xx_HAL_Driver/Inc/Legacy -I../Drivers/CMSIS/Device/ST/STM32F4xx/Include -I../Drivers/CMSIS/Include -I../UserApp -I../Middlewares/ST/ARM/DSP/Inc -I../Platform/SOES -I../Platform/SOEM -I../Platform/SSC/Inc -I../Platform/SSC/port -O0 -ffunction-sections -fdata-sections -Wall -fstack-usage -MMD -MP -MF"Platform/SOES/esc_eep.d" -MT"Platform/SOES/esc_eep.o" --specs=nano.specs -mfpu=fpv4-sp-d16 -mfloat-abi=hard -mthumb -o "Platform/SOES/esc_eep.o"
../Platform/SOES/app/ecat_app.c:253:16: warning: 'pdi_irq_flag' defined but not used [-Wunused-variable]
  253 | static uint8_t pdi_irq_flag = 0;
      |                ^~~~~~~~~~~~
arm-none-eabi-g++ -o "F4_EtherCAT.elf" @"objects.list"   -mcpu=cortex-m4 -T"D:\STM32CUBE\F4_EtherCAT\F4_EtherCAT\STM32F405RGTX_FLASH.ld" --specs=nosys.specs -Wl,-Map="F4_EtherCAT.map" -Wl,--gc-sections -static -L../Middlewares/ST/ARM/DSP/Lib --specs=nano.specs -mfpu=fpv4-sp-d16 -mfloat-abi=hard -mthumb -Wl,--start-group -lc -lm -lstdc++ -lsupc++ -Wl,--end-group
Finished building target: F4_EtherCAT.elf
 
arm-none-eabi-size   F4_EtherCAT.elf 
arm-none-eabi-objdump -h -S  F4_EtherCAT.elf  > "F4_EtherCAT.list"
arm-none-eabi-objcopy  -O binary  F4_EtherCAT.elf  "F4_EtherCAT.bin"
   text	   data	    bss	    dec	    hex	filename
  50804	    272	   5144	  56220	   db9c	F4_EtherCAT.elf
Finished building: default.size.stdout
 
Finished building: F4_EtherCAT.bin
 
Finished building: F4_EtherCAT.list
 
15:34:46 **** Incremental Build of configuration Debug for project F4_EtherCAT ****
make -j24 all 
arm-none-eabi-size   F4_EtherCAT.elf 
   text	   data	    bss	    dec	    hex	filename
  50804	    272	   5144	  56220	   db9c	F4_EtherCAT.elf
Finished building: default.size.stdout
 
15:35:35 **** Incremental Build of configuration Debug for project F4_EtherCAT ****
make -j24 all 
arm-none-eabi-g++ "../UserApp/main.cpp" -mcpu=cortex-m4 -std=gnu++14 -g3 -DDEBUG -DUSE_HAL_DRIVER -DSTM32F405xx -DARM_MATH_CM4 -c -I../Core/Inc -I../Drivers/STM32F4xx_HAL_Driver/Inc -I../Drivers/STM32F4xx_HAL_Driver/Inc/Legacy -I../Drivers/CMSIS/Device/ST/STM32F4xx/Include -I../Drivers/CMSIS/Include -I../UserApp -I../Middlewares/ST/ARM/DSP/Inc -I../Platform/SOES -I../Platform/SOEM -I../Platform/SSC/port -I../Platform/SSC/Inc -O0 -ffunction-sections -fdata-sections -fno-exceptions -fno-rtti -fno-use-cxa-atexit -Wall -fstack-usage -MMD -MP -MF"UserApp/main.d" -MT"UserApp/main.o" --specs=nano.specs -mfpu=fpv4-sp-d16 -mfloat-abi=hard -mthumb -o "UserApp/main.o"
arm-none-eabi-gcc "../Platform/SOES/app/ecat_app.c" -mcpu=cortex-m4 -std=gnu11 -g3 -DDEBUG -DUSE_HAL_DRIVER -DSTM32F405xx -DARM_MATH_CM4 -c -I../Core/Inc -I../Drivers/STM32F4xx_HAL_Driver/Inc -I../Drivers/STM32F4xx_HAL_Driver/Inc/Legacy -I../Drivers/CMSIS/Device/ST/STM32F4xx/Include -I../Drivers/CMSIS/Include -I../UserApp -I../Middlewares/ST/ARM/DSP/Inc -I../Platform/SOES -I../Platform/SOEM -I../Platform/SSC/Inc -I../Platform/SSC/port -O0 -ffunction-sections -fdata-sections -Wall -fstack-usage -MMD -MP -MF"Platform/SOES/app/ecat_app.d" -MT"Platform/SOES/app/ecat_app.o" --specs=nano.specs -mfpu=fpv4-sp-d16 -mfloat-abi=hard -mthumb -o "Platform/SOES/app/ecat_app.o"
arm-none-eabi-gcc "../Platform/SOES/ecat_slv.c" -mcpu=cortex-m4 -std=gnu11 -g3 -DDEBUG -DUSE_HAL_DRIVER -DSTM32F405xx -DARM_MATH_CM4 -c -I../Core/Inc -I../Drivers/STM32F4xx_HAL_Driver/Inc -I../Drivers/STM32F4xx_HAL_Driver/Inc/Legacy -I../Drivers/CMSIS/Device/ST/STM32F4xx/Include -I../Drivers/CMSIS/Include -I../UserApp -I../Middlewares/ST/ARM/DSP/Inc -I../Platform/SOES -I../Platform/SOEM -I../Platform/SSC/Inc -I../Platform/SSC/port -O0 -ffunction-sections -fdata-sections -Wall -fstack-usage -MMD -MP -MF"Platform/SOES/ecat_slv.d" -MT"Platform/SOES/ecat_slv.o" --specs=nano.specs -mfpu=fpv4-sp-d16 -mfloat-abi=hard -mthumb -o "Platform/SOES/ecat_slv.o"
arm-none-eabi-gcc "../Core/Src/main.c" -mcpu=cortex-m4 -std=gnu11 -g3 -DDEBUG -DUSE_HAL_DRIVER -DSTM32F405xx -DARM_MATH_CM4 -c -I../Core/Inc -I../Drivers/STM32F4xx_HAL_Driver/Inc -I../Drivers/STM32F4xx_HAL_Driver/Inc/Legacy -I../Drivers/CMSIS/Device/ST/STM32F4xx/Include -I../Drivers/CMSIS/Include -I../UserApp -I../Middlewares/ST/ARM/DSP/Inc -I../Platform/SOES -I../Platform/SOEM -I../Platform/SSC/Inc -I../Platform/SSC/port -O0 -ffunction-sections -fdata-sections -Wall -fstack-usage -MMD -MP -MF"Core/Src/main.d" -MT"Core/Src/main.o" --specs=nano.specs -mfpu=fpv4-sp-d16 -mfloat-abi=hard -mthumb -o "Core/Src/main.o"
arm-none-eabi-gcc "../Core/Src/stm32f4xx_hal_msp.c" -mcpu=cortex-m4 -std=gnu11 -g3 -DDEBUG -DUSE_HAL_DRIVER -DSTM32F405xx -DARM_MATH_CM4 -c -I../Core/Inc -I../Drivers/STM32F4xx_HAL_Driver/Inc -I../Drivers/STM32F4xx_HAL_Driver/Inc/Legacy -I../Drivers/CMSIS/Device/ST/STM32F4xx/Include -I../Drivers/CMSIS/Include -I../UserApp -I../Middlewares/ST/ARM/DSP/Inc -I../Platform/SOES -I../Platform/SOEM -I../Platform/SSC/Inc -I../Platform/SSC/port -O0 -ffunction-sections -fdata-sections -Wall -fstack-usage -MMD -MP -MF"Core/Src/stm32f4xx_hal_msp.d" -MT"Core/Src/stm32f4xx_hal_msp.o" --specs=nano.specs -mfpu=fpv4-sp-d16 -mfloat-abi=hard -mthumb -o "Core/Src/stm32f4xx_hal_msp.o"
arm-none-eabi-gcc "../Core/Src/stm32f4xx_it.c" -mcpu=cortex-m4 -std=gnu11 -g3 -DDEBUG -DUSE_HAL_DRIVER -DSTM32F405xx -DARM_MATH_CM4 -c -I../Core/Inc -I../Drivers/STM32F4xx_HAL_Driver/Inc -I../Drivers/STM32F4xx_HAL_Driver/Inc/Legacy -I../Drivers/CMSIS/Device/ST/STM32F4xx/Include -I../Drivers/CMSIS/Include -I../UserApp -I../Middlewares/ST/ARM/DSP/Inc -I../Platform/SOES -I../Platform/SOEM -I../Platform/SSC/Inc -I../Platform/SSC/port -O0 -ffunction-sections -fdata-sections -Wall -fstack-usage -MMD -MP -MF"Core/Src/stm32f4xx_it.d" -MT"Core/Src/stm32f4xx_it.o" --specs=nano.specs -mfpu=fpv4-sp-d16 -mfloat-abi=hard -mthumb -o "Core/Src/stm32f4xx_it.o"
../Platform/SOES/app/ecat_app.c:254:16: warning: 'pdi_irq_flag' defined but not used [-Wunused-variable]
  254 | static uint8_t pdi_irq_flag = 0;
      |                ^~~~~~~~~~~~
arm-none-eabi-g++ -o "F4_EtherCAT.elf" @"objects.list"   -mcpu=cortex-m4 -T"D:\STM32CUBE\F4_EtherCAT\F4_EtherCAT\STM32F405RGTX_FLASH.ld" --specs=nosys.specs -Wl,-Map="F4_EtherCAT.map" -Wl,--gc-sections -static -L../Middlewares/ST/ARM/DSP/Lib --specs=nano.specs -mfpu=fpv4-sp-d16 -mfloat-abi=hard -mthumb -Wl,--start-group -lc -lm -lstdc++ -lsupc++ -Wl,--end-group
Finished building target: F4_EtherCAT.elf
 
arm-none-eabi-size   F4_EtherCAT.elf 
arm-none-eabi-objdump -h -S  F4_EtherCAT.elf  > "F4_EtherCAT.list"
   text	   data	    bss	    dec	    hex	filename
  50804	    272	   5144	  56220	   db9c	F4_EtherCAT.elf
arm-none-eabi-objcopy  -O binary  F4_EtherCAT.elf  "F4_EtherCAT.bin"
Finished building: default.size.stdout
 
Finished building: F4_EtherCAT.bin
 
Finished building: F4_EtherCAT.list
 
15:42:15 **** Incremental Build of configuration Debug for project F4_EtherCAT ****
make -j24 all 
arm-none-eabi-size   F4_EtherCAT.elf 
   text	   data	    bss	    dec	    hex	filename
  50804	    272	   5144	  56220	   db9c	F4_EtherCAT.elf
Finished building: default.size.stdout
 
15:46:24 **** Incremental Build of configuration Debug for project F4_EtherCAT ****
make -j24 all 
arm-none-eabi-g++ "../UserApp/main.cpp" -mcpu=cortex-m4 -std=gnu++14 -g3 -DDEBUG -DUSE_HAL_DRIVER -DSTM32F405xx -DARM_MATH_CM4 -c -I../Core/Inc -I../Drivers/STM32F4xx_HAL_Driver/Inc -I../Drivers/STM32F4xx_HAL_Driver/Inc/Legacy -I../Drivers/CMSIS/Device/ST/STM32F4xx/Include -I../Drivers/CMSIS/Include -I../UserApp -I../Middlewares/ST/ARM/DSP/Inc -I../Platform/SOES -I../Platform/SOEM -I../Platform/SSC/port -I../Platform/SSC/Inc -O0 -ffunction-sections -fdata-sections -fno-exceptions -fno-rtti -fno-use-cxa-atexit -Wall -fstack-usage -MMD -MP -MF"UserApp/main.d" -MT"UserApp/main.o" --specs=nano.specs -mfpu=fpv4-sp-d16 -mfloat-abi=hard -mthumb -o "UserApp/main.o"
arm-none-eabi-gcc "../Platform/SOES/hw/esc_hw.c" -mcpu=cortex-m4 -std=gnu11 -g3 -DDEBUG -DUSE_HAL_DRIVER -DSTM32F405xx -DARM_MATH_CM4 -c -I../Core/Inc -I../Drivers/STM32F4xx_HAL_Driver/Inc -I../Drivers/STM32F4xx_HAL_Driver/Inc/Legacy -I../Drivers/CMSIS/Device/ST/STM32F4xx/Include -I../Drivers/CMSIS/Include -I../UserApp -I../Middlewares/ST/ARM/DSP/Inc -I../Platform/SOES -I../Platform/SOEM -I../Platform/SSC/Inc -I../Platform/SSC/port -O0 -ffunction-sections -fdata-sections -Wall -fstack-usage -MMD -MP -MF"Platform/SOES/hw/esc_hw.d" -MT"Platform/SOES/hw/esc_hw.o" --specs=nano.specs -mfpu=fpv4-sp-d16 -mfloat-abi=hard -mthumb -o "Platform/SOES/hw/esc_hw.o"
arm-none-eabi-gcc "../Platform/SOES/app/ecat_app.c" -mcpu=cortex-m4 -std=gnu11 -g3 -DDEBUG -DUSE_HAL_DRIVER -DSTM32F405xx -DARM_MATH_CM4 -c -I../Core/Inc -I../Drivers/STM32F4xx_HAL_Driver/Inc -I../Drivers/STM32F4xx_HAL_Driver/Inc/Legacy -I../Drivers/CMSIS/Device/ST/STM32F4xx/Include -I../Drivers/CMSIS/Include -I../UserApp -I../Middlewares/ST/ARM/DSP/Inc -I../Platform/SOES -I../Platform/SOEM -I../Platform/SSC/Inc -I../Platform/SSC/port -O0 -ffunction-sections -fdata-sections -Wall -fstack-usage -MMD -MP -MF"Platform/SOES/app/ecat_app.d" -MT"Platform/SOES/app/ecat_app.o" --specs=nano.specs -mfpu=fpv4-sp-d16 -mfloat-abi=hard -mthumb -o "Platform/SOES/app/ecat_app.o"
arm-none-eabi-gcc "../Platform/SOES/ecat_slv.c" -mcpu=cortex-m4 -std=gnu11 -g3 -DDEBUG -DUSE_HAL_DRIVER -DSTM32F405xx -DARM_MATH_CM4 -c -I../Core/Inc -I../Drivers/STM32F4xx_HAL_Driver/Inc -I../Drivers/STM32F4xx_HAL_Driver/Inc/Legacy -I../Drivers/CMSIS/Device/ST/STM32F4xx/Include -I../Drivers/CMSIS/Include -I../UserApp -I../Middlewares/ST/ARM/DSP/Inc -I../Platform/SOES -I../Platform/SOEM -I../Platform/SSC/Inc -I../Platform/SSC/port -O0 -ffunction-sections -fdata-sections -Wall -fstack-usage -MMD -MP -MF"Platform/SOES/ecat_slv.d" -MT"Platform/SOES/ecat_slv.o" --specs=nano.specs -mfpu=fpv4-sp-d16 -mfloat-abi=hard -mthumb -o "Platform/SOES/ecat_slv.o"
../Platform/SOES/app/ecat_app.c:251:16: warning: 'pdi_irq_flag' defined but not used [-Wunused-variable]
  251 | static uint8_t pdi_irq_flag = 0;
      |                ^~~~~~~~~~~~
arm-none-eabi-g++ -o "F4_EtherCAT.elf" @"objects.list"   -mcpu=cortex-m4 -T"D:\STM32CUBE\F4_EtherCAT\F4_EtherCAT\STM32F405RGTX_FLASH.ld" --specs=nosys.specs -Wl,-Map="F4_EtherCAT.map" -Wl,--gc-sections -static -L../Middlewares/ST/ARM/DSP/Lib --specs=nano.specs -mfpu=fpv4-sp-d16 -mfloat-abi=hard -mthumb -Wl,--start-group -lc -lm -lstdc++ -lsupc++ -Wl,--end-group
Finished building target: F4_EtherCAT.elf
 
arm-none-eabi-size   F4_EtherCAT.elf 
arm-none-eabi-objdump -h -S  F4_EtherCAT.elf  > "F4_EtherCAT.list"
arm-none-eabi-objcopy  -O binary  F4_EtherCAT.elf  "F4_EtherCAT.bin"
   text	   data	    bss	    dec	    hex	filename
  30744	    272	   5040	  36056	   8cd8	F4_EtherCAT.elf
Finished building: default.size.stdout
 
Finished building: F4_EtherCAT.bin
 
Finished building: F4_EtherCAT.list
 
15:49:00 **** Incremental Build of configuration Debug for project F4_EtherCAT ****
make -j24 all 
arm-none-eabi-gcc "../Platform/SOES/hw/esc_hw.c" -mcpu=cortex-m4 -std=gnu11 -g3 -DDEBUG -DUSE_HAL_DRIVER -DSTM32F405xx -DARM_MATH_CM4 -c -I../Core/Inc -I../Drivers/STM32F4xx_HAL_Driver/Inc -I../Drivers/STM32F4xx_HAL_Driver/Inc/Legacy -I../Drivers/CMSIS/Device/ST/STM32F4xx/Include -I../Drivers/CMSIS/Include -I../UserApp -I../Middlewares/ST/ARM/DSP/Inc -I../Platform/SOES -I../Platform/SOEM -I../Platform/SSC/Inc -I../Platform/SSC/port -O0 -ffunction-sections -fdata-sections -Wall -fstack-usage -MMD -MP -MF"Platform/SOES/hw/esc_hw.d" -MT"Platform/SOES/hw/esc_hw.o" --specs=nano.specs -mfpu=fpv4-sp-d16 -mfloat-abi=hard -mthumb -o "Platform/SOES/hw/esc_hw.o"
arm-none-eabi-g++ -o "F4_EtherCAT.elf" @"objects.list"   -mcpu=cortex-m4 -T"D:\STM32CUBE\F4_EtherCAT\F4_EtherCAT\STM32F405RGTX_FLASH.ld" --specs=nosys.specs -Wl,-Map="F4_EtherCAT.map" -Wl,--gc-sections -static -L../Middlewares/ST/ARM/DSP/Lib --specs=nano.specs -mfpu=fpv4-sp-d16 -mfloat-abi=hard -mthumb -Wl,--start-group -lc -lm -lstdc++ -lsupc++ -Wl,--end-group
Finished building target: F4_EtherCAT.elf
 
arm-none-eabi-size   F4_EtherCAT.elf 
arm-none-eabi-objdump -h -S  F4_EtherCAT.elf  > "F4_EtherCAT.list"
arm-none-eabi-objcopy  -O binary  F4_EtherCAT.elf  "F4_EtherCAT.bin"
   text	   data	    bss	    dec	    hex	filename
  30016	    272	   5040	  35328	   8a00	F4_EtherCAT.elf
Finished building: default.size.stdout
 
Finished building: F4_EtherCAT.bin
 
Finished building: F4_EtherCAT.list
 
15:49:06 **** Incremental Build of configuration Debug for project F4_EtherCAT ****
make -j24 all 
arm-none-eabi-size   F4_EtherCAT.elf 
   text	   data	    bss	    dec	    hex	filename
  30016	    272	   5040	  35328	   8a00	F4_EtherCAT.elf
Finished building: default.size.stdout
 
15:49:41 **** Incremental Build of configuration Debug for project F4_EtherCAT ****
make -j24 all 
arm-none-eabi-g++ "../UserApp/main.cpp" -mcpu=cortex-m4 -std=gnu++14 -g3 -DDEBUG -DUSE_HAL_DRIVER -DSTM32F405xx -DARM_MATH_CM4 -c -I../Core/Inc -I../Drivers/STM32F4xx_HAL_Driver/Inc -I../Drivers/STM32F4xx_HAL_Driver/Inc/Legacy -I../Drivers/CMSIS/Device/ST/STM32F4xx/Include -I../Drivers/CMSIS/Include -I../UserApp -I../Middlewares/ST/ARM/DSP/Inc -I../Platform/SOES -I../Platform/SOEM -I../Platform/SSC/port -I../Platform/SSC/Inc -O0 -ffunction-sections -fdata-sections -fno-exceptions -fno-rtti -fno-use-cxa-atexit -Wall -fstack-usage -MMD -MP -MF"UserApp/main.d" -MT"UserApp/main.o" --specs=nano.specs -mfpu=fpv4-sp-d16 -mfloat-abi=hard -mthumb -o "UserApp/main.o"
arm-none-eabi-g++ -o "F4_EtherCAT.elf" @"objects.list"   -mcpu=cortex-m4 -T"D:\STM32CUBE\F4_EtherCAT\F4_EtherCAT\STM32F405RGTX_FLASH.ld" --specs=nosys.specs -Wl,-Map="F4_EtherCAT.map" -Wl,--gc-sections -static -L../Middlewares/ST/ARM/DSP/Lib --specs=nano.specs -mfpu=fpv4-sp-d16 -mfloat-abi=hard -mthumb -Wl,--start-group -lc -lm -lstdc++ -lsupc++ -Wl,--end-group
Finished building target: F4_EtherCAT.elf
 
arm-none-eabi-size   F4_EtherCAT.elf 
arm-none-eabi-objdump -h -S  F4_EtherCAT.elf  > "F4_EtherCAT.list"
arm-none-eabi-objcopy  -O binary  F4_EtherCAT.elf  "F4_EtherCAT.bin"
   text	   data	    bss	    dec	    hex	filename
  30016	    272	   5040	  35328	   8a00	F4_EtherCAT.elf
Finished building: default.size.stdout
 
Finished building: F4_EtherCAT.bin
 
Finished building: F4_EtherCAT.list
 
15:49:51 **** Incremental Build of configuration Debug for project F4_EtherCAT ****
make -j24 all 
arm-none-eabi-g++ "../UserApp/main.cpp" -mcpu=cortex-m4 -std=gnu++14 -g3 -DDEBUG -DUSE_HAL_DRIVER -DSTM32F405xx -DARM_MATH_CM4 -c -I../Core/Inc -I../Drivers/STM32F4xx_HAL_Driver/Inc -I../Drivers/STM32F4xx_HAL_Driver/Inc/Legacy -I../Drivers/CMSIS/Device/ST/STM32F4xx/Include -I../Drivers/CMSIS/Include -I../UserApp -I../Middlewares/ST/ARM/DSP/Inc -I../Platform/SOES -I../Platform/SOEM -I../Platform/SSC/port -I../Platform/SSC/Inc -O0 -ffunction-sections -fdata-sections -fno-exceptions -fno-rtti -fno-use-cxa-atexit -Wall -fstack-usage -MMD -MP -MF"UserApp/main.d" -MT"UserApp/main.o" --specs=nano.specs -mfpu=fpv4-sp-d16 -mfloat-abi=hard -mthumb -o "UserApp/main.o"
arm-none-eabi-g++ -o "F4_EtherCAT.elf" @"objects.list"   -mcpu=cortex-m4 -T"D:\STM32CUBE\F4_EtherCAT\F4_EtherCAT\STM32F405RGTX_FLASH.ld" --specs=nosys.specs -Wl,-Map="F4_EtherCAT.map" -Wl,--gc-sections -static -L../Middlewares/ST/ARM/DSP/Lib --specs=nano.specs -mfpu=fpv4-sp-d16 -mfloat-abi=hard -mthumb -Wl,--start-group -lc -lm -lstdc++ -lsupc++ -Wl,--end-group
Finished building target: F4_EtherCAT.elf
 
arm-none-eabi-size   F4_EtherCAT.elf 
arm-none-eabi-objdump -h -S  F4_EtherCAT.elf  > "F4_EtherCAT.list"
arm-none-eabi-objcopy  -O binary  F4_EtherCAT.elf  "F4_EtherCAT.bin"
   text	   data	    bss	    dec	    hex	filename
  30016	    272	   5040	  35328	   8a00	F4_EtherCAT.elf
Finished building: default.size.stdout
 
Finished building: F4_EtherCAT.bin
 
Finished building: F4_EtherCAT.list
 
15:49:57 **** Incremental Build of configuration Debug for project F4_EtherCAT ****
make -j24 all 
arm-none-eabi-size   F4_EtherCAT.elf 
   text	   data	    bss	    dec	    hex	filename
  30016	    272	   5040	  35328	   8a00	F4_EtherCAT.elf
Finished building: default.size.stdout
 
15:50:22 **** Incremental Build of configuration Debug for project F4_EtherCAT ****
make -j24 all 
arm-none-eabi-g++ "../UserApp/main.cpp" -mcpu=cortex-m4 -std=gnu++14 -g3 -DDEBUG -DUSE_HAL_DRIVER -DSTM32F405xx -DARM_MATH_CM4 -c -I../Core/Inc -I../Drivers/STM32F4xx_HAL_Driver/Inc -I../Drivers/STM32F4xx_HAL_Driver/Inc/Legacy -I../Drivers/CMSIS/Device/ST/STM32F4xx/Include -I../Drivers/CMSIS/Include -I../UserApp -I../Middlewares/ST/ARM/DSP/Inc -I../Platform/SOES -I../Platform/SOEM -I../Platform/SSC/port -I../Platform/SSC/Inc -O0 -ffunction-sections -fdata-sections -fno-exceptions -fno-rtti -fno-use-cxa-atexit -Wall -fstack-usage -MMD -MP -MF"UserApp/main.d" -MT"UserApp/main.o" --specs=nano.specs -mfpu=fpv4-sp-d16 -mfloat-abi=hard -mthumb -o "UserApp/main.o"
arm-none-eabi-g++ -o "F4_EtherCAT.elf" @"objects.list"   -mcpu=cortex-m4 -T"D:\STM32CUBE\F4_EtherCAT\F4_EtherCAT\STM32F405RGTX_FLASH.ld" --specs=nosys.specs -Wl,-Map="F4_EtherCAT.map" -Wl,--gc-sections -static -L../Middlewares/ST/ARM/DSP/Lib --specs=nano.specs -mfpu=fpv4-sp-d16 -mfloat-abi=hard -mthumb -Wl,--start-group -lc -lm -lstdc++ -lsupc++ -Wl,--end-group
Finished building target: F4_EtherCAT.elf
 
arm-none-eabi-size   F4_EtherCAT.elf 
arm-none-eabi-objdump -h -S  F4_EtherCAT.elf  > "F4_EtherCAT.list"
arm-none-eabi-objcopy  -O binary  F4_EtherCAT.elf  "F4_EtherCAT.bin"
   text	   data	    bss	    dec	    hex	filename
  30016	    272	   5040	  35328	   8a00	F4_EtherCAT.elf
Finished building: default.size.stdout
 
Finished building: F4_EtherCAT.bin
 
Finished building: F4_EtherCAT.list
 
15:50:24 **** Incremental Build of configuration Debug for project F4_EtherCAT ****
make -j24 all 
arm-none-eabi-size   F4_EtherCAT.elf 
   text	   data	    bss	    dec	    hex	filename
  30016	    272	   5040	  35328	   8a00	F4_EtherCAT.elf
Finished building: default.size.stdout
 
15:53:05 **** Incremental Build of configuration Debug for project F4_EtherCAT ****
make -j24 all 
arm-none-eabi-g++ "../UserApp/main.cpp" -mcpu=cortex-m4 -std=gnu++14 -g3 -DDEBUG -DUSE_HAL_DRIVER -DSTM32F405xx -DARM_MATH_CM4 -c -I../Core/Inc -I../Drivers/STM32F4xx_HAL_Driver/Inc -I../Drivers/STM32F4xx_HAL_Driver/Inc/Legacy -I../Drivers/CMSIS/Device/ST/STM32F4xx/Include -I../Drivers/CMSIS/Include -I../UserApp -I../Middlewares/ST/ARM/DSP/Inc -I../Platform/SOES -I../Platform/SOEM -I../Platform/SSC/port -I../Platform/SSC/Inc -O0 -ffunction-sections -fdata-sections -fno-exceptions -fno-rtti -fno-use-cxa-atexit -Wall -fstack-usage -MMD -MP -MF"UserApp/main.d" -MT"UserApp/main.o" --specs=nano.specs -mfpu=fpv4-sp-d16 -mfloat-abi=hard -mthumb -o "UserApp/main.o"
arm-none-eabi-g++ -o "F4_EtherCAT.elf" @"objects.list"   -mcpu=cortex-m4 -T"D:\STM32CUBE\F4_EtherCAT\F4_EtherCAT\STM32F405RGTX_FLASH.ld" --specs=nosys.specs -Wl,-Map="F4_EtherCAT.map" -Wl,--gc-sections -static -L../Middlewares/ST/ARM/DSP/Lib --specs=nano.specs -mfpu=fpv4-sp-d16 -mfloat-abi=hard -mthumb -Wl,--start-group -lc -lm -lstdc++ -lsupc++ -Wl,--end-group
Finished building target: F4_EtherCAT.elf
 
arm-none-eabi-size   F4_EtherCAT.elf 
arm-none-eabi-objdump -h -S  F4_EtherCAT.elf  > "F4_EtherCAT.list"
arm-none-eabi-objcopy  -O binary  F4_EtherCAT.elf  "F4_EtherCAT.bin"
   text	   data	    bss	    dec	    hex	filename
  50076	    272	   5144	  55492	   d8c4	F4_EtherCAT.elf
Finished building: default.size.stdout
 
Finished building: F4_EtherCAT.bin
 
Finished building: F4_EtherCAT.list
 
15:53:14 **** Incremental Build of configuration Debug for project F4_EtherCAT ****
make -j24 all 
arm-none-eabi-size   F4_EtherCAT.elf 
   text	   data	    bss	    dec	    hex	filename
  50076	    272	   5144	  55492	   d8c4	F4_EtherCAT.elf
Finished building: default.size.stdout
 
15:55:10 **** Incremental Build of configuration Debug for project F4_EtherCAT ****
make -j24 all 
arm-none-eabi-size   F4_EtherCAT.elf 
   text	   data	    bss	    dec	    hex	filename
  50076	    272	   5144	  55492	   d8c4	F4_EtherCAT.elf
Finished building: default.size.stdout
 
15:55:14 **** Incremental Build of configuration Debug for project F4_EtherCAT ****
make -j24 all 
arm-none-eabi-gcc "../Platform/SOES/hw/esc_hw.c" -mcpu=cortex-m4 -std=gnu11 -g3 -DDEBUG -DUSE_HAL_DRIVER -DSTM32F405xx -DARM_MATH_CM4 -c -I../Core/Inc -I../Drivers/STM32F4xx_HAL_Driver/Inc -I../Drivers/STM32F4xx_HAL_Driver/Inc/Legacy -I../Drivers/CMSIS/Device/ST/STM32F4xx/Include -I../Drivers/CMSIS/Include -I../UserApp -I../Middlewares/ST/ARM/DSP/Inc -I../Platform/SOES -I../Platform/SOEM -I../Platform/SSC/Inc -I../Platform/SSC/port -O0 -ffunction-sections -fdata-sections -Wall -fstack-usage -MMD -MP -MF"Platform/SOES/hw/esc_hw.d" -MT"Platform/SOES/hw/esc_hw.o" --specs=nano.specs -mfpu=fpv4-sp-d16 -mfloat-abi=hard -mthumb -o "Platform/SOES/hw/esc_hw.o"
arm-none-eabi-g++ -o "F4_EtherCAT.elf" @"objects.list"   -mcpu=cortex-m4 -T"D:\STM32CUBE\F4_EtherCAT\F4_EtherCAT\STM32F405RGTX_FLASH.ld" --specs=nosys.specs -Wl,-Map="F4_EtherCAT.map" -Wl,--gc-sections -static -L../Middlewares/ST/ARM/DSP/Lib --specs=nano.specs -mfpu=fpv4-sp-d16 -mfloat-abi=hard -mthumb -Wl,--start-group -lc -lm -lstdc++ -lsupc++ -Wl,--end-group
Finished building target: F4_EtherCAT.elf
 
arm-none-eabi-size   F4_EtherCAT.elf 
arm-none-eabi-objdump -h -S  F4_EtherCAT.elf  > "F4_EtherCAT.list"
arm-none-eabi-objcopy  -O binary  F4_EtherCAT.elf  "F4_EtherCAT.bin"
   text	   data	    bss	    dec	    hex	filename
  50804	    272	   5144	  56220	   db9c	F4_EtherCAT.elf
Finished building: default.size.stdout
 
Finished building: F4_EtherCAT.bin
 
Finished building: F4_EtherCAT.list
 
15:55:22 **** Incremental Build of configuration Debug for project F4_EtherCAT ****
make -j24 all 
arm-none-eabi-size   F4_EtherCAT.elf 
   text	   data	    bss	    dec	    hex	filename
  50804	    272	   5144	  56220	   db9c	F4_EtherCAT.elf
Finished building: default.size.stdout
 
16:03:37 **** Incremental Build of configuration Debug for project F4_EtherCAT ****
make -j24 all 
arm-none-eabi-gcc "../Platform/SOES/app/ecat_app.c" -mcpu=cortex-m4 -std=gnu11 -g3 -DDEBUG -DUSE_HAL_DRIVER -DSTM32F405xx -DARM_MATH_CM4 -c -I../Core/Inc -I../Drivers/STM32F4xx_HAL_Driver/Inc -I../Drivers/STM32F4xx_HAL_Driver/Inc/Legacy -I../Drivers/CMSIS/Device/ST/STM32F4xx/Include -I../Drivers/CMSIS/Include -I../UserApp -I../Middlewares/ST/ARM/DSP/Inc -I../Platform/SOES -I../Platform/SOEM -I../Platform/SSC/Inc -I../Platform/SSC/port -O0 -ffunction-sections -fdata-sections -Wall -fstack-usage -MMD -MP -MF"Platform/SOES/app/ecat_app.d" -MT"Platform/SOES/app/ecat_app.o" --specs=nano.specs -mfpu=fpv4-sp-d16 -mfloat-abi=hard -mthumb -o "Platform/SOES/app/ecat_app.o"
../Platform/SOES/app/ecat_app.c: In function 'ecatapp_loop':
../Platform/SOES/app/ecat_app.c:140:9: error: 'sync0_irq_flag' undeclared (first use in this function)
  140 |     if (sync0_irq_flag)
      |         ^~~~~~~~~~~~~~
../Platform/SOES/app/ecat_app.c:140:9: note: each undeclared identifier is reported only once for each function it appears in
../Platform/SOES/app/ecat_app.c:147:9: error: 'sync1_irq_flag' undeclared (first use in this function)
  147 |     if (sync1_irq_flag)
      |         ^~~~~~~~~~~~~~
../Platform/SOES/app/ecat_app.c:155:9: error: 'pdi_irq_flag' undeclared (first use in this function)
  155 |     if (pdi_irq_flag)
      |         ^~~~~~~~~~~~
At top level:
../Platform/SOES/app/ecat_app.c:251:16: warning: 'pdi_irq_flag' defined but not used [-Wunused-variable]
  251 | static uint8_t pdi_irq_flag = 0;
      |                ^~~~~~~~~~~~
make: *** [Platform/SOES/app/subdir.mk:19: Platform/SOES/app/ecat_app.o] Error 1
"make -j24 all" terminated with exit code 2. Build might be incomplete.
16:03:52 **** Incremental Build of configuration Debug for project F4_EtherCAT ****
make -j24 all 
arm-none-eabi-gcc "../Platform/SOES/app/ecat_app.c" -mcpu=cortex-m4 -std=gnu11 -g3 -DDEBUG -DUSE_HAL_DRIVER -DSTM32F405xx -DARM_MATH_CM4 -c -I../Core/Inc -I../Drivers/STM32F4xx_HAL_Driver/Inc -I../Drivers/STM32F4xx_HAL_Driver/Inc/Legacy -I../Drivers/CMSIS/Device/ST/STM32F4xx/Include -I../Drivers/CMSIS/Include -I../UserApp -I../Middlewares/ST/ARM/DSP/Inc -I../Platform/SOES -I../Platform/SOEM -I../Platform/SSC/Inc -I../Platform/SSC/port -O0 -ffunction-sections -fdata-sections -Wall -fstack-usage -MMD -MP -MF"Platform/SOES/app/ecat_app.d" -MT"Platform/SOES/app/ecat_app.o" --specs=nano.specs -mfpu=fpv4-sp-d16 -mfloat-abi=hard -mthumb -o "Platform/SOES/app/ecat_app.o"
arm-none-eabi-g++ -o "F4_EtherCAT.elf" @"objects.list"   -mcpu=cortex-m4 -T"D:\STM32CUBE\F4_EtherCAT\F4_EtherCAT\STM32F405RGTX_FLASH.ld" --specs=nosys.specs -Wl,-Map="F4_EtherCAT.map" -Wl,--gc-sections -static -L../Middlewares/ST/ARM/DSP/Lib --specs=nano.specs -mfpu=fpv4-sp-d16 -mfloat-abi=hard -mthumb -Wl,--start-group -lc -lm -lstdc++ -lsupc++ -Wl,--end-group
Finished building target: F4_EtherCAT.elf
 
arm-none-eabi-size   F4_EtherCAT.elf 
arm-none-eabi-objdump -h -S  F4_EtherCAT.elf  > "F4_EtherCAT.list"
arm-none-eabi-objcopy  -O binary  F4_EtherCAT.elf  "F4_EtherCAT.bin"
   text	   data	    bss	    dec	    hex	filename
  50928	    272	   5144	  56344	   dc18	F4_EtherCAT.elf
Finished building: default.size.stdout
 
Finished building: F4_EtherCAT.bin
 
Finished building: F4_EtherCAT.list
 
16:03:59 **** Incremental Build of configuration Debug for project F4_EtherCAT ****
make -j24 all 
arm-none-eabi-size   F4_EtherCAT.elf 
   text	   data	    bss	    dec	    hex	filename
  50928	    272	   5144	  56344	   dc18	F4_EtherCAT.elf
Finished building: default.size.stdout
 
16:10:27 **** Incremental Build of configuration Debug for project F4_EtherCAT ****
make -j24 all 
arm-none-eabi-gcc "../Platform/SOES/app/ecat_app.c" -mcpu=cortex-m4 -std=gnu11 -g3 -DDEBUG -DUSE_HAL_DRIVER -DSTM32F405xx -DARM_MATH_CM4 -c -I../Core/Inc -I../Drivers/STM32F4xx_HAL_Driver/Inc -I../Drivers/STM32F4xx_HAL_Driver/Inc/Legacy -I../Drivers/CMSIS/Device/ST/STM32F4xx/Include -I../Drivers/CMSIS/Include -I../UserApp -I../Middlewares/ST/ARM/DSP/Inc -I../Platform/SOES -I../Platform/SOEM -I../Platform/SSC/Inc -I../Platform/SSC/port -O0 -ffunction-sections -fdata-sections -Wall -fstack-usage -MMD -MP -MF"Platform/SOES/app/ecat_app.d" -MT"Platform/SOES/app/ecat_app.o" --specs=nano.specs -mfpu=fpv4-sp-d16 -mfloat-abi=hard -mthumb -o "Platform/SOES/app/ecat_app.o"
arm-none-eabi-gcc "../Platform/SOES/ecat_slv.c" -mcpu=cortex-m4 -std=gnu11 -g3 -DDEBUG -DUSE_HAL_DRIVER -DSTM32F405xx -DARM_MATH_CM4 -c -I../Core/Inc -I../Drivers/STM32F4xx_HAL_Driver/Inc -I../Drivers/STM32F4xx_HAL_Driver/Inc/Legacy -I../Drivers/CMSIS/Device/ST/STM32F4xx/Include -I../Drivers/CMSIS/Include -I../UserApp -I../Middlewares/ST/ARM/DSP/Inc -I../Platform/SOES -I../Platform/SOEM -I../Platform/SSC/Inc -I../Platform/SSC/port -O0 -ffunction-sections -fdata-sections -Wall -fstack-usage -MMD -MP -MF"Platform/SOES/ecat_slv.d" -MT"Platform/SOES/ecat_slv.o" --specs=nano.specs -mfpu=fpv4-sp-d16 -mfloat-abi=hard -mthumb -o "Platform/SOES/ecat_slv.o"
../Platform/SOES/ecat_slv.c: In function 'ecat_slv_poll':
../Platform/SOES/ecat_slv.c:311:4: warning: implicit declaration of function 'ESC_ALevent'; did you mean 'ESC_reset'? [-Wimplicit-function-declaration]
  311 |    ESC_ALevent();
      |    ^~~~~~~~~~~
      |    ESC_reset
arm-none-eabi-g++ -o "F4_EtherCAT.elf" @"objects.list"   -mcpu=cortex-m4 -T"D:\STM32CUBE\F4_EtherCAT\F4_EtherCAT\STM32F405RGTX_FLASH.ld" --specs=nosys.specs -Wl,-Map="F4_EtherCAT.map" -Wl,--gc-sections -static -L../Middlewares/ST/ARM/DSP/Lib --specs=nano.specs -mfpu=fpv4-sp-d16 -mfloat-abi=hard -mthumb -Wl,--start-group -lc -lm -lstdc++ -lsupc++ -Wl,--end-group
e:\program file\stm32cube\stm32cubeide_1.7.0\stm32cubeide\plugins\com.st.stm32cube.ide.mcu.externaltools.gnu-tools-for-stm32.9-2020-q2-update.win32_2.0.0.202105311346\tools\arm-none-eabi\bin\ld.exe: ./Platform/SOES/ecat_slv.o: in function `ecat_slv_poll':
D:/STM32CUBE/F4_EtherCAT/F4_EtherCAT/Debug/../Platform/SOES/ecat_slv.c:311: undefined reference to `ESC_ALevent'
collect2.exe: error: ld returned 1 exit status
make: *** [makefile:93: F4_EtherCAT.elf] Error 1
"make -j24 all" terminated with exit code 2. Build might be incomplete.
16:12:16 **** Incremental Build of configuration Debug for project F4_EtherCAT ****
make -j24 all 
arm-none-eabi-gcc "../Platform/SOES/ecat_slv.c" -mcpu=cortex-m4 -std=gnu11 -g3 -DDEBUG -DUSE_HAL_DRIVER -DSTM32F405xx -DARM_MATH_CM4 -c -I../Core/Inc -I../Drivers/STM32F4xx_HAL_Driver/Inc -I../Drivers/STM32F4xx_HAL_Driver/Inc/Legacy -I../Drivers/CMSIS/Device/ST/STM32F4xx/Include -I../Drivers/CMSIS/Include -I../UserApp -I../Middlewares/ST/ARM/DSP/Inc -I../Platform/SOES -I../Platform/SOEM -I../Platform/SSC/Inc -I../Platform/SSC/port -O0 -ffunction-sections -fdata-sections -Wall -fstack-usage -MMD -MP -MF"Platform/SOES/ecat_slv.d" -MT"Platform/SOES/ecat_slv.o" --specs=nano.specs -mfpu=fpv4-sp-d16 -mfloat-abi=hard -mthumb -o "Platform/SOES/ecat_slv.o"
arm-none-eabi-g++ -o "F4_EtherCAT.elf" @"objects.list"   -mcpu=cortex-m4 -T"D:\STM32CUBE\F4_EtherCAT\F4_EtherCAT\STM32F405RGTX_FLASH.ld" --specs=nosys.specs -Wl,-Map="F4_EtherCAT.map" -Wl,--gc-sections -static -L../Middlewares/ST/ARM/DSP/Lib --specs=nano.specs -mfpu=fpv4-sp-d16 -mfloat-abi=hard -mthumb -Wl,--start-group -lc -lm -lstdc++ -lsupc++ -Wl,--end-group
Finished building target: F4_EtherCAT.elf
 
arm-none-eabi-size   F4_EtherCAT.elf 
arm-none-eabi-objdump -h -S  F4_EtherCAT.elf  > "F4_EtherCAT.list"
arm-none-eabi-objcopy  -O binary  F4_EtherCAT.elf  "F4_EtherCAT.bin"
   text	   data	    bss	    dec	    hex	filename
  50928	    272	   5144	  56344	   dc18	F4_EtherCAT.elf
Finished building: default.size.stdout
 
Finished building: F4_EtherCAT.bin
 
Finished building: F4_EtherCAT.list
 
16:14:44 **** Incremental Build of configuration Debug for project F4_EtherCAT ****
make -j24 all 
arm-none-eabi-gcc "../Platform/SOES/app/ecat_app.c" -mcpu=cortex-m4 -std=gnu11 -g3 -DDEBUG -DUSE_HAL_DRIVER -DSTM32F405xx -DARM_MATH_CM4 -c -I../Core/Inc -I../Drivers/STM32F4xx_HAL_Driver/Inc -I../Drivers/STM32F4xx_HAL_Driver/Inc/Legacy -I../Drivers/CMSIS/Device/ST/STM32F4xx/Include -I../Drivers/CMSIS/Include -I../UserApp -I../Middlewares/ST/ARM/DSP/Inc -I../Platform/SOES -I../Platform/SOEM -I../Platform/SSC/Inc -I../Platform/SSC/port -O0 -ffunction-sections -fdata-sections -Wall -fstack-usage -MMD -MP -MF"Platform/SOES/app/ecat_app.d" -MT"Platform/SOES/app/ecat_app.o" --specs=nano.specs -mfpu=fpv4-sp-d16 -mfloat-abi=hard -mthumb -o "Platform/SOES/app/ecat_app.o"
arm-none-eabi-g++ -o "F4_EtherCAT.elf" @"objects.list"   -mcpu=cortex-m4 -T"D:\STM32CUBE\F4_EtherCAT\F4_EtherCAT\STM32F405RGTX_FLASH.ld" --specs=nosys.specs -Wl,-Map="F4_EtherCAT.map" -Wl,--gc-sections -static -L../Middlewares/ST/ARM/DSP/Lib --specs=nano.specs -mfpu=fpv4-sp-d16 -mfloat-abi=hard -mthumb -Wl,--start-group -lc -lm -lstdc++ -lsupc++ -Wl,--end-group
Finished building target: F4_EtherCAT.elf
 
arm-none-eabi-size   F4_EtherCAT.elf 
arm-none-eabi-objdump -h -S  F4_EtherCAT.elf  > "F4_EtherCAT.list"
arm-none-eabi-objcopy  -O binary  F4_EtherCAT.elf  "F4_EtherCAT.bin"
   text	   data	    bss	    dec	    hex	filename
  50928	    272	   5144	  56344	   dc18	F4_EtherCAT.elf
Finished building: default.size.stdout
 
Finished building: F4_EtherCAT.bin
 
Finished building: F4_EtherCAT.list
 
16:17:16 **** Incremental Build of configuration Debug for project F4_EtherCAT ****
make -j24 all 
arm-none-eabi-gcc "../Platform/SOES/app/ecat_app.c" -mcpu=cortex-m4 -std=gnu11 -g3 -DDEBUG -DUSE_HAL_DRIVER -DSTM32F405xx -DARM_MATH_CM4 -c -I../Core/Inc -I../Drivers/STM32F4xx_HAL_Driver/Inc -I../Drivers/STM32F4xx_HAL_Driver/Inc/Legacy -I../Drivers/CMSIS/Device/ST/STM32F4xx/Include -I../Drivers/CMSIS/Include -I../UserApp -I../Middlewares/ST/ARM/DSP/Inc -I../Platform/SOES -I../Platform/SOEM -I../Platform/SSC/Inc -I../Platform/SSC/port -O0 -ffunction-sections -fdata-sections -Wall -fstack-usage -MMD -MP -MF"Platform/SOES/app/ecat_app.d" -MT"Platform/SOES/app/ecat_app.o" --specs=nano.specs -mfpu=fpv4-sp-d16 -mfloat-abi=hard -mthumb -o "Platform/SOES/app/ecat_app.o"
arm-none-eabi-gcc "../Platform/SOES/ecat_slv.c" -mcpu=cortex-m4 -std=gnu11 -g3 -DDEBUG -DUSE_HAL_DRIVER -DSTM32F405xx -DARM_MATH_CM4 -c -I../Core/Inc -I../Drivers/STM32F4xx_HAL_Driver/Inc -I../Drivers/STM32F4xx_HAL_Driver/Inc/Legacy -I../Drivers/CMSIS/Device/ST/STM32F4xx/Include -I../Drivers/CMSIS/Include -I../UserApp -I../Middlewares/ST/ARM/DSP/Inc -I../Platform/SOES -I../Platform/SOEM -I../Platform/SSC/Inc -I../Platform/SSC/port -O0 -ffunction-sections -fdata-sections -Wall -fstack-usage -MMD -MP -MF"Platform/SOES/ecat_slv.d" -MT"Platform/SOES/ecat_slv.o" --specs=nano.specs -mfpu=fpv4-sp-d16 -mfloat-abi=hard -mthumb -o "Platform/SOES/ecat_slv.o"
arm-none-eabi-g++ -o "F4_EtherCAT.elf" @"objects.list"   -mcpu=cortex-m4 -T"D:\STM32CUBE\F4_EtherCAT\F4_EtherCAT\STM32F405RGTX_FLASH.ld" --specs=nosys.specs -Wl,-Map="F4_EtherCAT.map" -Wl,--gc-sections -static -L../Middlewares/ST/ARM/DSP/Lib --specs=nano.specs -mfpu=fpv4-sp-d16 -mfloat-abi=hard -mthumb -Wl,--start-group -lc -lm -lstdc++ -lsupc++ -Wl,--end-group
Finished building target: F4_EtherCAT.elf
 
arm-none-eabi-size   F4_EtherCAT.elf 
arm-none-eabi-objdump -h -S  F4_EtherCAT.elf  > "F4_EtherCAT.list"
arm-none-eabi-objcopy  -O binary  F4_EtherCAT.elf  "F4_EtherCAT.bin"
   text	   data	    bss	    dec	    hex	filename
  51156	    272	   5144	  56572	   dcfc	F4_EtherCAT.elf
Finished building: default.size.stdout
 
Finished building: F4_EtherCAT.bin
 
Finished building: F4_EtherCAT.list
 
16:21:58 **** Incremental Build of configuration Debug for project F4_EtherCAT ****
make -j24 all 
arm-none-eabi-gcc "../Platform/SOES/ecat_slv.c" -mcpu=cortex-m4 -std=gnu11 -g3 -DDEBUG -DUSE_HAL_DRIVER -DSTM32F405xx -DARM_MATH_CM4 -c -I../Core/Inc -I../Drivers/STM32F4xx_HAL_Driver/Inc -I../Drivers/STM32F4xx_HAL_Driver/Inc/Legacy -I../Drivers/CMSIS/Device/ST/STM32F4xx/Include -I../Drivers/CMSIS/Include -I../UserApp -I../Middlewares/ST/ARM/DSP/Inc -I../Platform/SOES -I../Platform/SOEM -I../Platform/SSC/Inc -I../Platform/SSC/port -O0 -ffunction-sections -fdata-sections -Wall -fstack-usage -MMD -MP -MF"Platform/SOES/ecat_slv.d" -MT"Platform/SOES/ecat_slv.o" --specs=nano.specs -mfpu=fpv4-sp-d16 -mfloat-abi=hard -mthumb -o "Platform/SOES/ecat_slv.o"
arm-none-eabi-g++ -o "F4_EtherCAT.elf" @"objects.list"   -mcpu=cortex-m4 -T"D:\STM32CUBE\F4_EtherCAT\F4_EtherCAT\STM32F405RGTX_FLASH.ld" --specs=nosys.specs -Wl,-Map="F4_EtherCAT.map" -Wl,--gc-sections -static -L../Middlewares/ST/ARM/DSP/Lib --specs=nano.specs -mfpu=fpv4-sp-d16 -mfloat-abi=hard -mthumb -Wl,--start-group -lc -lm -lstdc++ -lsupc++ -Wl,--end-group
Finished building target: F4_EtherCAT.elf
 
arm-none-eabi-size   F4_EtherCAT.elf 
arm-none-eabi-objdump -h -S  F4_EtherCAT.elf  > "F4_EtherCAT.list"
arm-none-eabi-objcopy  -O binary  F4_EtherCAT.elf  "F4_EtherCAT.bin"
   text	   data	    bss	    dec	    hex	filename
  51156	    272	   5144	  56572	   dcfc	F4_EtherCAT.elf
Finished building: default.size.stdout
 
Finished building: F4_EtherCAT.bin
 
Finished building: F4_EtherCAT.list
 
16:29:21 **** Incremental Build of configuration Debug for project F4_EtherCAT ****
make -j24 all 
arm-none-eabi-gcc "../Platform/SOES/app/ecat_app.c" -mcpu=cortex-m4 -std=gnu11 -g3 -DDEBUG -DUSE_HAL_DRIVER -DSTM32F405xx -DARM_MATH_CM4 -c -I../Core/Inc -I../Drivers/STM32F4xx_HAL_Driver/Inc -I../Drivers/STM32F4xx_HAL_Driver/Inc/Legacy -I../Drivers/CMSIS/Device/ST/STM32F4xx/Include -I../Drivers/CMSIS/Include -I../UserApp -I../Middlewares/ST/ARM/DSP/Inc -I../Platform/SOES -I../Platform/SOEM -I../Platform/SSC/Inc -I../Platform/SSC/port -O0 -ffunction-sections -fdata-sections -Wall -fstack-usage -MMD -MP -MF"Platform/SOES/app/ecat_app.d" -MT"Platform/SOES/app/ecat_app.o" --specs=nano.specs -mfpu=fpv4-sp-d16 -mfloat-abi=hard -mthumb -o "Platform/SOES/app/ecat_app.o"
arm-none-eabi-gcc "../Platform/SOES/ecat_slv.c" -mcpu=cortex-m4 -std=gnu11 -g3 -DDEBUG -DUSE_HAL_DRIVER -DSTM32F405xx -DARM_MATH_CM4 -c -I../Core/Inc -I../Drivers/STM32F4xx_HAL_Driver/Inc -I../Drivers/STM32F4xx_HAL_Driver/Inc/Legacy -I../Drivers/CMSIS/Device/ST/STM32F4xx/Include -I../Drivers/CMSIS/Include -I../UserApp -I../Middlewares/ST/ARM/DSP/Inc -I../Platform/SOES -I../Platform/SOEM -I../Platform/SSC/Inc -I../Platform/SSC/port -O0 -ffunction-sections -fdata-sections -Wall -fstack-usage -MMD -MP -MF"Platform/SOES/ecat_slv.d" -MT"Platform/SOES/ecat_slv.o" --specs=nano.specs -mfpu=fpv4-sp-d16 -mfloat-abi=hard -mthumb -o "Platform/SOES/ecat_slv.o"
arm-none-eabi-g++ -o "F4_EtherCAT.elf" @"objects.list"   -mcpu=cortex-m4 -T"D:\STM32CUBE\F4_EtherCAT\F4_EtherCAT\STM32F405RGTX_FLASH.ld" --specs=nosys.specs -Wl,-Map="F4_EtherCAT.map" -Wl,--gc-sections -static -L../Middlewares/ST/ARM/DSP/Lib --specs=nano.specs -mfpu=fpv4-sp-d16 -mfloat-abi=hard -mthumb -Wl,--start-group -lc -lm -lstdc++ -lsupc++ -Wl,--end-group
Finished building target: F4_EtherCAT.elf
 
arm-none-eabi-size   F4_EtherCAT.elf 
arm-none-eabi-objdump -h -S  F4_EtherCAT.elf  > "F4_EtherCAT.list"
arm-none-eabi-objcopy  -O binary  F4_EtherCAT.elf  "F4_EtherCAT.bin"
   text	   data	    bss	    dec	    hex	filename
  51656	    272	   5144	  57072	   def0	F4_EtherCAT.elf
Finished building: default.size.stdout
 
Finished building: F4_EtherCAT.bin
 
Finished building: F4_EtherCAT.list
 
16:46:15 **** Incremental Build of configuration Debug for project F4_EtherCAT ****
make -j24 all 
arm-none-eabi-gcc "../Platform/SOES/app/ecat_app.c" -mcpu=cortex-m4 -std=gnu11 -g3 -DDEBUG -DUSE_HAL_DRIVER -DSTM32F405xx -DARM_MATH_CM4 -c -I../Core/Inc -I../Drivers/STM32F4xx_HAL_Driver/Inc -I../Drivers/STM32F4xx_HAL_Driver/Inc/Legacy -I../Drivers/CMSIS/Device/ST/STM32F4xx/Include -I../Drivers/CMSIS/Include -I../UserApp -I../Middlewares/ST/ARM/DSP/Inc -I../Platform/SOES -I../Platform/SOEM -I../Platform/SSC/Inc -I../Platform/SSC/port -O0 -ffunction-sections -fdata-sections -Wall -fstack-usage -MMD -MP -MF"Platform/SOES/app/ecat_app.d" -MT"Platform/SOES/app/ecat_app.o" --specs=nano.specs -mfpu=fpv4-sp-d16 -mfloat-abi=hard -mthumb -o "Platform/SOES/app/ecat_app.o"
arm-none-eabi-gcc "../Platform/SOES/ecat_slv.c" -mcpu=cortex-m4 -std=gnu11 -g3 -DDEBUG -DUSE_HAL_DRIVER -DSTM32F405xx -DARM_MATH_CM4 -c -I../Core/Inc -I../Drivers/STM32F4xx_HAL_Driver/Inc -I../Drivers/STM32F4xx_HAL_Driver/Inc/Legacy -I../Drivers/CMSIS/Device/ST/STM32F4xx/Include -I../Drivers/CMSIS/Include -I../UserApp -I../Middlewares/ST/ARM/DSP/Inc -I../Platform/SOES -I../Platform/SOEM -I../Platform/SSC/Inc -I../Platform/SSC/port -O0 -ffunction-sections -fdata-sections -Wall -fstack-usage -MMD -MP -MF"Platform/SOES/ecat_slv.d" -MT"Platform/SOES/ecat_slv.o" --specs=nano.specs -mfpu=fpv4-sp-d16 -mfloat-abi=hard -mthumb -o "Platform/SOES/ecat_slv.o"
arm-none-eabi-g++ -o "F4_EtherCAT.elf" @"objects.list"   -mcpu=cortex-m4 -T"D:\STM32CUBE\F4_EtherCAT\F4_EtherCAT\STM32F405RGTX_FLASH.ld" --specs=nosys.specs -Wl,-Map="F4_EtherCAT.map" -Wl,--gc-sections -static -L../Middlewares/ST/ARM/DSP/Lib --specs=nano.specs -mfpu=fpv4-sp-d16 -mfloat-abi=hard -mthumb -Wl,--start-group -lc -lm -lstdc++ -lsupc++ -Wl,--end-group
Finished building target: F4_EtherCAT.elf
 
arm-none-eabi-size   F4_EtherCAT.elf 
arm-none-eabi-objdump -h -S  F4_EtherCAT.elf  > "F4_EtherCAT.list"
arm-none-eabi-objcopy  -O binary  F4_EtherCAT.elf  "F4_EtherCAT.bin"
   text	   data	    bss	    dec	    hex	filename
  51548	    272	   5144	  56964	   de84	F4_EtherCAT.elf
Finished building: default.size.stdout
 
Finished building: F4_EtherCAT.bin
 
Finished building: F4_EtherCAT.list
 
16:46:21 **** Incremental Build of configuration Debug for project F4_EtherCAT ****
make -j24 all 
arm-none-eabi-size   F4_EtherCAT.elf 
   text	   data	    bss	    dec	    hex	filename
  51548	    272	   5144	  56964	   de84	F4_EtherCAT.elf
Finished building: default.size.stdout
 
16:53:19 **** Incremental Build of configuration Debug for project F4_EtherCAT ****
make -j24 all 
arm-none-eabi-gcc "../Platform/SOES/app/ecat_app.c" -mcpu=cortex-m4 -std=gnu11 -g3 -DDEBUG -DUSE_HAL_DRIVER -DSTM32F405xx -DARM_MATH_CM4 -c -I../Core/Inc -I../Drivers/STM32F4xx_HAL_Driver/Inc -I../Drivers/STM32F4xx_HAL_Driver/Inc/Legacy -I../Drivers/CMSIS/Device/ST/STM32F4xx/Include -I../Drivers/CMSIS/Include -I../UserApp -I../Middlewares/ST/ARM/DSP/Inc -I../Platform/SOES -I../Platform/SOEM -I../Platform/SSC/Inc -I../Platform/SSC/port -O0 -ffunction-sections -fdata-sections -Wall -fstack-usage -MMD -MP -MF"Platform/SOES/app/ecat_app.d" -MT"Platform/SOES/app/ecat_app.o" --specs=nano.specs -mfpu=fpv4-sp-d16 -mfloat-abi=hard -mthumb -o "Platform/SOES/app/ecat_app.o"
arm-none-eabi-g++ -o "F4_EtherCAT.elf" @"objects.list"   -mcpu=cortex-m4 -T"D:\STM32CUBE\F4_EtherCAT\F4_EtherCAT\STM32F405RGTX_FLASH.ld" --specs=nosys.specs -Wl,-Map="F4_EtherCAT.map" -Wl,--gc-sections -static -L../Middlewares/ST/ARM/DSP/Lib --specs=nano.specs -mfpu=fpv4-sp-d16 -mfloat-abi=hard -mthumb -Wl,--start-group -lc -lm -lstdc++ -lsupc++ -Wl,--end-group
Finished building target: F4_EtherCAT.elf
 
arm-none-eabi-size   F4_EtherCAT.elf 
arm-none-eabi-objdump -h -S  F4_EtherCAT.elf  > "F4_EtherCAT.list"
arm-none-eabi-objcopy  -O binary  F4_EtherCAT.elf  "F4_EtherCAT.bin"
   text	   data	    bss	    dec	    hex	filename
  51548	    272	   5144	  56964	   de84	F4_EtherCAT.elf
Finished building: default.size.stdout
 
Finished building: F4_EtherCAT.bin
 
Finished building: F4_EtherCAT.list
 
16:55:16 **** Incremental Build of configuration Debug for project F4_EtherCAT ****
make -j24 all 
arm-none-eabi-size   F4_EtherCAT.elf 
   text	   data	    bss	    dec	    hex	filename
  51548	    272	   5144	  56964	   de84	F4_EtherCAT.elf
Finished building: default.size.stdout
 
16:55:45 **** Incremental Build of configuration Debug for project F4_EtherCAT ****
make -j24 all 
arm-none-eabi-size   F4_EtherCAT.elf 
   text	   data	    bss	    dec	    hex	filename
  51548	    272	   5144	  56964	   de84	F4_EtherCAT.elf
Finished building: default.size.stdout
 
16:55:57 **** Incremental Build of configuration Debug for project F4_EtherCAT ****
make -j24 all 
arm-none-eabi-gcc "../Core/Src/main.c" -mcpu=cortex-m4 -std=gnu11 -g3 -DDEBUG -DUSE_HAL_DRIVER -DSTM32F405xx -DARM_MATH_CM4 -c -I../Core/Inc -I../Drivers/STM32F4xx_HAL_Driver/Inc -I../Drivers/STM32F4xx_HAL_Driver/Inc/Legacy -I../Drivers/CMSIS/Device/ST/STM32F4xx/Include -I../Drivers/CMSIS/Include -I../UserApp -I../Middlewares/ST/ARM/DSP/Inc -I../Platform/SOES -I../Platform/SOEM -I../Platform/SSC/Inc -I../Platform/SSC/port -O0 -ffunction-sections -fdata-sections -Wall -fstack-usage -MMD -MP -MF"Core/Src/main.d" -MT"Core/Src/main.o" --specs=nano.specs -mfpu=fpv4-sp-d16 -mfloat-abi=hard -mthumb -o "Core/Src/main.o"
arm-none-eabi-g++ -o "F4_EtherCAT.elf" @"objects.list"   -mcpu=cortex-m4 -T"D:\STM32CUBE\F4_EtherCAT\F4_EtherCAT\STM32F405RGTX_FLASH.ld" --specs=nosys.specs -Wl,-Map="F4_EtherCAT.map" -Wl,--gc-sections -static -L../Middlewares/ST/ARM/DSP/Lib --specs=nano.specs -mfpu=fpv4-sp-d16 -mfloat-abi=hard -mthumb -Wl,--start-group -lc -lm -lstdc++ -lsupc++ -Wl,--end-group
Finished building target: F4_EtherCAT.elf
 
arm-none-eabi-size   F4_EtherCAT.elf 
arm-none-eabi-objdump -h -S  F4_EtherCAT.elf  > "F4_EtherCAT.list"
arm-none-eabi-objcopy  -O binary  F4_EtherCAT.elf  "F4_EtherCAT.bin"
   text	   data	    bss	    dec	    hex	filename
  51548	    272	   5144	  56964	   de84	F4_EtherCAT.elf
Finished building: default.size.stdout
 
Finished building: F4_EtherCAT.bin
 
Finished building: F4_EtherCAT.list
 
16:56:03 **** Incremental Build of configuration Debug for project F4_EtherCAT ****
make -j24 all 
arm-none-eabi-g++ "../UserApp/main.cpp" -mcpu=cortex-m4 -std=gnu++14 -g3 -DDEBUG -DUSE_HAL_DRIVER -DSTM32F405xx -DARM_MATH_CM4 -c -I../Core/Inc -I../Drivers/STM32F4xx_HAL_Driver/Inc -I../Drivers/STM32F4xx_HAL_Driver/Inc/Legacy -I../Drivers/CMSIS/Device/ST/STM32F4xx/Include -I../Drivers/CMSIS/Include -I../UserApp -I../Middlewares/ST/ARM/DSP/Inc -I../Platform/SOES -I../Platform/SOEM -I../Platform/SSC/port -I../Platform/SSC/Inc -O0 -ffunction-sections -fdata-sections -fno-exceptions -fno-rtti -fno-use-cxa-atexit -Wall -fstack-usage -MMD -MP -MF"UserApp/main.d" -MT"UserApp/main.o" --specs=nano.specs -mfpu=fpv4-sp-d16 -mfloat-abi=hard -mthumb -o "UserApp/main.o"
arm-none-eabi-g++ -o "F4_EtherCAT.elf" @"objects.list"   -mcpu=cortex-m4 -T"D:\STM32CUBE\F4_EtherCAT\F4_EtherCAT\STM32F405RGTX_FLASH.ld" --specs=nosys.specs -Wl,-Map="F4_EtherCAT.map" -Wl,--gc-sections -static -L../Middlewares/ST/ARM/DSP/Lib --specs=nano.specs -mfpu=fpv4-sp-d16 -mfloat-abi=hard -mthumb -Wl,--start-group -lc -lm -lstdc++ -lsupc++ -Wl,--end-group
Finished building target: F4_EtherCAT.elf
 
arm-none-eabi-size   F4_EtherCAT.elf 
arm-none-eabi-objdump -h -S  F4_EtherCAT.elf  > "F4_EtherCAT.list"
arm-none-eabi-objcopy  -O binary  F4_EtherCAT.elf  "F4_EtherCAT.bin"
   text	   data	    bss	    dec	    hex	filename
  51548	    272	   5144	  56964	   de84	F4_EtherCAT.elf
Finished building: default.size.stdout
 
Finished building: F4_EtherCAT.bin
 
Finished building: F4_EtherCAT.list
 
17:03:10 **** Incremental Build of configuration Debug for project F4_EtherCAT ****
make -j24 all 
arm-none-eabi-size   F4_EtherCAT.elf 
   text	   data	    bss	    dec	    hex	filename
  51548	    272	   5144	  56964	   de84	F4_EtherCAT.elf
Finished building: default.size.stdout
 
17:06:59 **** Incremental Build of configuration Debug for project F4_EtherCAT ****
make -j24 all 
arm-none-eabi-gcc "../Platform/SOES/ecat_slv.c" -mcpu=cortex-m4 -std=gnu11 -g3 -DDEBUG -DUSE_HAL_DRIVER -DSTM32F405xx -DARM_MATH_CM4 -c -I../Core/Inc -I../Drivers/STM32F4xx_HAL_Driver/Inc -I../Drivers/STM32F4xx_HAL_Driver/Inc/Legacy -I../Drivers/CMSIS/Device/ST/STM32F4xx/Include -I../Drivers/CMSIS/Include -I../UserApp -I../Middlewares/ST/ARM/DSP/Inc -I../Platform/SOES -I../Platform/SOEM -I../Platform/SSC/Inc -I../Platform/SSC/port -O0 -ffunction-sections -fdata-sections -Wall -fstack-usage -MMD -MP -MF"Platform/SOES/ecat_slv.d" -MT"Platform/SOES/ecat_slv.o" --specs=nano.specs -mfpu=fpv4-sp-d16 -mfloat-abi=hard -mthumb -o "Platform/SOES/ecat_slv.o"
arm-none-eabi-g++ -o "F4_EtherCAT.elf" @"objects.list"   -mcpu=cortex-m4 -T"D:\STM32CUBE\F4_EtherCAT\F4_EtherCAT\STM32F405RGTX_FLASH.ld" --specs=nosys.specs -Wl,-Map="F4_EtherCAT.map" -Wl,--gc-sections -static -L../Middlewares/ST/ARM/DSP/Lib --specs=nano.specs -mfpu=fpv4-sp-d16 -mfloat-abi=hard -mthumb -Wl,--start-group -lc -lm -lstdc++ -lsupc++ -Wl,--end-group
Finished building target: F4_EtherCAT.elf
 
arm-none-eabi-size   F4_EtherCAT.elf 
arm-none-eabi-objdump -h -S  F4_EtherCAT.elf  > "F4_EtherCAT.list"
arm-none-eabi-objcopy  -O binary  F4_EtherCAT.elf  "F4_EtherCAT.bin"
   text	   data	    bss	    dec	    hex	filename
  51536	    272	   5144	  56952	   de78	F4_EtherCAT.elf
Finished building: default.size.stdout
 
Finished building: F4_EtherCAT.bin
 
Finished building: F4_EtherCAT.list
 
17:08:01 **** Incremental Build of configuration Debug for project F4_EtherCAT ****
make -j24 all 
arm-none-eabi-size   F4_EtherCAT.elf 
   text	   data	    bss	    dec	    hex	filename
  51536	    272	   5144	  56952	   de78	F4_EtherCAT.elf
Finished building: default.size.stdout
 
17:08:10 **** Incremental Build of configuration Debug for project F4_EtherCAT ****
make -j24 all 
arm-none-eabi-size   F4_EtherCAT.elf 
   text	   data	    bss	    dec	    hex	filename
  51536	    272	   5144	  56952	   de78	F4_EtherCAT.elf
Finished building: default.size.stdout
 
17:27:14 **** Incremental Build of configuration Debug for project F4_EtherCAT ****
make -j24 all 
arm-none-eabi-size   F4_EtherCAT.elf 
   text	   data	    bss	    dec	    hex	filename
  51536	    272	   5144	  56952	   de78	F4_EtherCAT.elf
Finished building: default.size.stdout
 
17:28:08 **** Incremental Build of configuration Debug for project F4_EtherCAT ****
make -j24 all 
arm-none-eabi-g++ "../UserApp/main.cpp" -mcpu=cortex-m4 -std=gnu++14 -g3 -DDEBUG -DUSE_HAL_DRIVER -DSTM32F405xx -DARM_MATH_CM4 -c -I../Core/Inc -I../Drivers/STM32F4xx_HAL_Driver/Inc -I../Drivers/STM32F4xx_HAL_Driver/Inc/Legacy -I../Drivers/CMSIS/Device/ST/STM32F4xx/Include -I../Drivers/CMSIS/Include -I../UserApp -I../Middlewares/ST/ARM/DSP/Inc -I../Platform/SOES -I../Platform/SOEM -I../Platform/SSC/port -I../Platform/SSC/Inc -O0 -ffunction-sections -fdata-sections -fno-exceptions -fno-rtti -fno-use-cxa-atexit -Wall -fstack-usage -MMD -MP -MF"UserApp/main.d" -MT"UserApp/main.o" --specs=nano.specs -mfpu=fpv4-sp-d16 -mfloat-abi=hard -mthumb -o "UserApp/main.o"
arm-none-eabi-gcc "../Platform/SOES/app/ecat_app.c" -mcpu=cortex-m4 -std=gnu11 -g3 -DDEBUG -DUSE_HAL_DRIVER -DSTM32F405xx -DARM_MATH_CM4 -c -I../Core/Inc -I../Drivers/STM32F4xx_HAL_Driver/Inc -I../Drivers/STM32F4xx_HAL_Driver/Inc/Legacy -I../Drivers/CMSIS/Device/ST/STM32F4xx/Include -I../Drivers/CMSIS/Include -I../UserApp -I../Middlewares/ST/ARM/DSP/Inc -I../Platform/SOES -I../Platform/SOEM -I../Platform/SSC/Inc -I../Platform/SSC/port -O0 -ffunction-sections -fdata-sections -Wall -fstack-usage -MMD -MP -MF"Platform/SOES/app/ecat_app.d" -MT"Platform/SOES/app/ecat_app.o" --specs=nano.specs -mfpu=fpv4-sp-d16 -mfloat-abi=hard -mthumb -o "Platform/SOES/app/ecat_app.o"
arm-none-eabi-g++ -o "F4_EtherCAT.elf" @"objects.list"   -mcpu=cortex-m4 -T"D:\STM32CUBE\F4_EtherCAT\F4_EtherCAT\STM32F405RGTX_FLASH.ld" --specs=nosys.specs -Wl,-Map="F4_EtherCAT.map" -Wl,--gc-sections -static -L../Middlewares/ST/ARM/DSP/Lib --specs=nano.specs -mfpu=fpv4-sp-d16 -mfloat-abi=hard -mthumb -Wl,--start-group -lc -lm -lstdc++ -lsupc++ -Wl,--end-group
Finished building target: F4_EtherCAT.elf
 
arm-none-eabi-size   F4_EtherCAT.elf 
arm-none-eabi-objdump -h -S  F4_EtherCAT.elf  > "F4_EtherCAT.list"
arm-none-eabi-objcopy  -O binary  F4_EtherCAT.elf  "F4_EtherCAT.bin"
   text	   data	    bss	    dec	    hex	filename
  49504	   1468	   4308	  55280	   d7f0	F4_EtherCAT.elf
Finished building: default.size.stdout
 
Finished building: F4_EtherCAT.bin
 
Finished building: F4_EtherCAT.list
 
17:29:35 **** Incremental Build of configuration Debug for project F4_EtherCAT ****
make -j24 all 
arm-none-eabi-gcc "../Platform/SSC/port/el9800hw.c" -mcpu=cortex-m4 -std=gnu11 -g3 -DDEBUG -DUSE_HAL_DRIVER -DSTM32F405xx -DARM_MATH_CM4 -c -I../Core/Inc -I../Drivers/STM32F4xx_HAL_Driver/Inc -I../Drivers/STM32F4xx_HAL_Driver/Inc/Legacy -I../Drivers/CMSIS/Device/ST/STM32F4xx/Include -I../Drivers/CMSIS/Include -I../UserApp -I../Middlewares/ST/ARM/DSP/Inc -I../Platform/SOES -I../Platform/SOEM -I../Platform/SSC/Inc -I../Platform/SSC/port -O0 -ffunction-sections -fdata-sections -Wall -fstack-usage -MMD -MP -MF"Platform/SSC/port/el9800hw.d" -MT"Platform/SSC/port/el9800hw.o" --specs=nano.specs -mfpu=fpv4-sp-d16 -mfloat-abi=hard -mthumb -o "Platform/SSC/port/el9800hw.o"
arm-none-eabi-g++ -o "F4_EtherCAT.elf" @"objects.list"   -mcpu=cortex-m4 -T"D:\STM32CUBE\F4_EtherCAT\F4_EtherCAT\STM32F405RGTX_FLASH.ld" --specs=nosys.specs -Wl,-Map="F4_EtherCAT.map" -Wl,--gc-sections -static -L../Middlewares/ST/ARM/DSP/Lib --specs=nano.specs -mfpu=fpv4-sp-d16 -mfloat-abi=hard -mthumb -Wl,--start-group -lc -lm -lstdc++ -lsupc++ -Wl,--end-group
Finished building target: F4_EtherCAT.elf
 
arm-none-eabi-size   F4_EtherCAT.elf 
arm-none-eabi-objdump -h -S  F4_EtherCAT.elf  > "F4_EtherCAT.list"
arm-none-eabi-objcopy  -O binary  F4_EtherCAT.elf  "F4_EtherCAT.bin"
   text	   data	    bss	    dec	    hex	filename
  50692	   1468	   4308	  56468	   dc94	F4_EtherCAT.elf
Finished building: default.size.stdout
 
Finished building: F4_EtherCAT.bin
 
Finished building: F4_EtherCAT.list
 
17:29:38 **** Incremental Build of configuration Debug for project F4_EtherCAT ****
make -j24 all 
arm-none-eabi-size   F4_EtherCAT.elf 
   text	   data	    bss	    dec	    hex	filename
  50692	   1468	   4308	  56468	   dc94	F4_EtherCAT.elf
Finished building: default.size.stdout
 
17:29:56 **** Incremental Build of configuration Debug for project F4_EtherCAT ****
make -j24 all 
arm-none-eabi-size   F4_EtherCAT.elf 
   text	   data	    bss	    dec	    hex	filename
  50692	   1468	   4308	  56468	   dc94	F4_EtherCAT.elf
Finished building: default.size.stdout
 
17:30:01 **** Incremental Build of configuration Debug for project F4_EtherCAT ****
make -j24 all 
arm-none-eabi-size   F4_EtherCAT.elf 
   text	   data	    bss	    dec	    hex	filename
  50692	   1468	   4308	  56468	   dc94	F4_EtherCAT.elf
Finished building: default.size.stdout
 
21:50:06 **** Incremental Build of configuration Debug for project F4_EtherCAT ****
make -j24 all 
arm-none-eabi-size   F4_EtherCAT.elf 
   text	   data	    bss	    dec	    hex	filename
  50692	   1468	   4308	  56468	   dc94	F4_EtherCAT.elf
Finished building: default.size.stdout
 
